2023-06-17 12:12:43:1243 [32minfo[39m: [32mServer listening on port: 3000[39m
2023-06-17 12:12:46:1246 [31merror[39m: [31mdatabase connection error MongoServerError: bad auth : authentication failed[39m
2023-06-17 12:13:36:1336 [32minfo[39m: [32mServer listening on port: 3000[39m
2023-06-17 12:13:38:1338 [31merror[39m: [31mdatabase connection error MongoServerError: bad auth : authentication failed[39m
2023-06-17 12:19:35:1935 [32minfo[39m: [32mServer listening on port: 3000[39m
2023-06-17 12:19:36:1936 [32minfo[39m: [32mdatabase connection successful[39m
2023-06-17 12:22:00:220 [32minfo[39m: [32mServer listening on port: 3000[39m
2023-06-17 12:22:01:221 [32minfo[39m: [32mdatabase connection successful[39m
2023-06-17 19:50:13:5013 [32minfo[39m: [32mServer listening on port: 3000[39m
2023-06-17 19:50:14:5014 [32minfo[39m: [32mdatabase connection successful[39m
2023-06-17 19:50:16:5016 [35mhttp[39m: [35mPOST /api/v1/user/login 200 39 - 125.434 ms[39m
[35m[39m
2023-06-17 19:50:23:5023 [32minfo[39m: [32mLOG: Password hashed & user saved.[39m
2023-06-17 19:50:23:5023 [35mhttp[39m: [35mPOST /api/v1/user/signup 200 229 - 305.238 ms[39m
[35m[39m
2023-06-17 19:50:32:5032 [35mhttp[39m: [35mPOST /api/v1/user/checkUsername 200 45 - 114.639 ms[39m
[35m[39m
2023-06-17 19:50:37:5037 [35mhttp[39m: [35mGET /api/v1/user/get-user-interest 200 70 - 120.504 ms[39m
[35m[39m
2023-06-17 19:51:26:5126 [35mhttp[39m: [35mPOST /api/v1/admin/add-user-interest 200 58 - 115.736 ms[39m
[35m[39m
2023-06-17 19:51:32:5132 [35mhttp[39m: [35mGET /api/v1/user/get-user-interest 200 268 - 114.577 ms[39m
[35m[39m
2023-06-17 19:55:54:5554 [35mhttp[39m: [35mPOST /api/v1/user/register-user-details 200 46 - 262.129 ms[39m
[35m[39m
2023-06-17 19:57:58:5758 [32minfo[39m: [32mServer listening on port: 3000[39m
2023-06-17 19:58:00:580 [32minfo[39m: [32mdatabase connection successful[39m
2023-06-17 19:58:41:5841 [35mhttp[39m: [35mGET /api/v1/user/get-user-details 401 12 - 2.897 ms[39m
[35m[39m
2023-06-17 19:59:12:5912 [35mhttp[39m: [35mGET /api/v1/user/get-user-details 200 258 - 125.846 ms[39m
[35m[39m
2023-06-17 20:13:19:1319 [32minfo[39m: [32mServer listening on port: 3000[39m
2023-06-17 20:13:20:1320 [32minfo[39m: [32mdatabase connection successful[39m
2023-06-17 20:14:17:1417 [35mhttp[39m: [35mPOST /api/v1/user/login/sendOtpOnMobile 400 11 - 13.296 ms[39m
[35m[39m
2023-06-17 20:16:25:1625 [32minfo[39m: [32mServer listening on port: 3000[39m
2023-06-17 20:16:26:1626 [32minfo[39m: [32mdatabase connection successful[39m
2023-06-17 20:16:29:1629 [35mhttp[39m: [35mPOST /api/v1/user/login/send-otp-mobile 404 173 - 2.210 ms[39m
[35m[39m
2023-06-17 20:16:57:1657 [35mhttp[39m: [35mPOST /api/v1/user/send-otp-mobile 404 167 - 0.942 ms[39m
[35m[39m
2023-06-17 20:17:47:1747 [32minfo[39m: [32mServer listening on port: 3000[39m
2023-06-17 20:17:50:1750 [32minfo[39m: [32mdatabase connection successful[39m
2023-06-17 20:17:50:1750 [35mhttp[39m: [35mPOST /api/v1/user/send-otp-mobile 200 2 - 272.397 ms[39m
[35m[39m
2023-06-17 20:29:17:2917 [32minfo[39m: [32mServer listening on port: 3000[39m
2023-06-17 20:29:19:2919 [32minfo[39m: [32mdatabase connection successful[39m
2023-06-17 20:29:33:2933 [35mhttp[39m: [35mPOST /api/v1/user/send-otp-mobile 200 54 - 192.925 ms[39m
[35m[39m
2023-06-17 20:30:16:3016 [32minfo[39m: [32mServer listening on port: 3000[39m
2023-06-17 20:30:17:3017 [32minfo[39m: [32mdatabase connection successful[39m
2023-06-17 20:30:28:3028 [35mhttp[39m: [35mPOST /api/v1/user/send-otp-mobile 200 54 - 184.171 ms[39m
[35m[39m
2023-06-17 20:36:32:3632 [32minfo[39m: [32mServer listening on port: 3000[39m
2023-06-17 20:36:33:3633 [32minfo[39m: [32mdatabase connection successful[39m
2023-06-17 20:36:42:3642 [35mhttp[39m: [35mPOST /api/v1/user/send-otp-mobile 200 54 - 192.219 ms[39m
[35m[39m
2023-06-18 11:45:16:4516 [32minfo[39m: [32mServer listening on port: 3000[39m
2023-06-18 11:45:17:4517 [32minfo[39m: [32mdatabase connection successful[39m
2023-06-18 11:45:18:4518 [32minfo[39m: [32mLOG: Password hashed & user saved.[39m
2023-06-18 11:45:18:4518 [35mhttp[39m: [35mPOST /api/v1/user/signup 200 229 - 363.066 ms[39m
[35m[39m
2023-06-18 11:45:34:4534 [35mhttp[39m: [35mPOST /api/v1/user/login 200 228 - 162.971 ms[39m
[35m[39m
2023-06-18 11:45:40:4540 [35mhttp[39m: [35mPOST /api/v1/user/checkUsername 200 45 - 104.099 ms[39m
[35m[39m
2023-06-18 11:45:47:4547 [35mhttp[39m: [35mPOST /api/v1/user/checkUsername 200 65 - 389.391 ms[39m
[35m[39m
2023-06-18 11:46:00:460 [35mhttp[39m: [35mPOST /api/v1/user/register-user-details 200 46 - 253.172 ms[39m
[35m[39m
2023-06-18 11:46:23:4623 [35mhttp[39m: [35mGET /api/v1/user/get-user-details 200 258 - 111.291 ms[39m
[35m[39m
2023-06-18 11:46:32:4632 [35mhttp[39m: [35mGET /api/v1/user/get-user-interest 200 70 - 126.276 ms[39m
[35m[39m
2023-06-18 11:46:44:4644 [35mhttp[39m: [35mPOST /api/v1/user/send-otp-mobile 200 54 - 256.529 ms[39m
[35m[39m
2023-06-18 11:48:29:4829 [32minfo[39m: [32mServer listening on port: 3000[39m
2023-06-18 11:48:31:4831 [32minfo[39m: [32mdatabase connection successful[39m
2023-06-18 11:48:53:4853 [35mhttp[39m: [35mPOST /api/v1/user/send-otp-mobile 401 29 - 268.460 ms[39m
[35m[39m
2023-06-18 11:49:55:4955 [32minfo[39m: [32mServer listening on port: 3000[39m
2023-06-18 11:49:56:4956 [32minfo[39m: [32mdatabase connection successful[39m
2023-06-18 11:50:11:5011 [35mhttp[39m: [35mPOST /api/v1/user/send-otp-mobile 200 54 - 316.541 ms[39m
[35m[39m
2023-06-18 11:52:28:5228 [32minfo[39m: [32mServer listening on port: 3000[39m
2023-06-18 11:52:30:5230 [32minfo[39m: [32mdatabase connection successful[39m
2023-06-18 11:52:38:5238 [35mhttp[39m: [35mPOST /api/v1/user/send-otp-mobile 401 29 - 234.332 ms[39m
[35m[39m
2023-06-18 11:52:51:5251 [35mhttp[39m: [35mPOST /api/v1/user/login 200 228 - 162.606 ms[39m
[35m[39m
2023-06-18 11:53:05:535 [35mhttp[39m: [35mPOST /api/v1/user/send-otp-mobile 401 29 - 268.014 ms[39m
[35m[39m
2023-06-18 11:53:13:5313 [35mhttp[39m: [35mPOST /api/v1/user/login 200 228 - 158.225 ms[39m
[35m[39m
2023-06-18 11:53:17:5317 [35mhttp[39m: [35mPOST /api/v1/user/login 200 228 - 171.019 ms[39m
[35m[39m
2023-06-18 11:53:31:5331 [35mhttp[39m: [35mPOST /api/v1/user/send-otp-mobile 401 29 - 202.905 ms[39m
[35m[39m
2023-06-18 11:58:11:5811 [32minfo[39m: [32mServer listening on port: 3000[39m
2023-06-18 11:58:13:5813 [32minfo[39m: [32mdatabase connection successful[39m
2023-06-18 11:58:16:5816 [32minfo[39m: [32mLOG: Password hashed & user saved.[39m
2023-06-18 11:58:16:5816 [35mhttp[39m: [35mPOST /api/v1/user/signup 200 229 - 328.156 ms[39m
[35m[39m
2023-06-18 11:58:23:5823 [35mhttp[39m: [35mPOST /api/v1/user/login 200 228 - 182.711 ms[39m
[35m[39m
2023-06-18 11:58:27:5827 [35mhttp[39m: [35mPOST /api/v1/user/checkUsername 200 65 - 111.196 ms[39m
[35m[39m
2023-06-18 11:58:37:5837 [35mhttp[39m: [35mPOST /api/v1/user/register-user-details 200 46 - 252.305 ms[39m
[35m[39m
2023-06-18 11:58:45:5845 [35mhttp[39m: [35mGET /api/v1/user/get-user-details 200 258 - 108.596 ms[39m
[35m[39m
2023-06-18 11:58:51:5851 [35mhttp[39m: [35mGET /api/v1/user/get-user-interest 200 70 - 107.867 ms[39m
[35m[39m
2023-06-18 11:59:04:594 [35mhttp[39m: [35mPOST /api/v1/user/send-otp-mobile 401 29 - 224.626 ms[39m
[35m[39m
2023-06-18 12:02:51:251 [32minfo[39m: [32mServer listening on port: 3000[39m
2023-06-18 12:02:52:252 [32minfo[39m: [32mdatabase connection successful[39m
2023-06-18 12:02:57:257 [35mhttp[39m: [35mPOST /api/v1/user/send-otp-mobile 200 54 - 338.814 ms[39m
[35m[39m
2023-06-18 12:14:34:1434 [35mhttp[39m: [35mPOST /api/v1/user/send-otp-mobile 200 54 - 233.787 ms[39m
[35m[39m
2023-06-18 12:15:50:1550 [32minfo[39m: [32mServer listening on port: 3000[39m
2023-06-18 12:15:51:1551 [32minfo[39m: [32mdatabase connection successful[39m
2023-06-18 12:15:57:1557 [35mhttp[39m: [35mPOST /api/v1/user/send-otp-mobile 200 54 - 312.645 ms[39m
[35m[39m
2023-06-18 12:16:21:1621 [35mhttp[39m: [35mPOST /api/v1/user/send-otp-mobile 200 195 - 107.650 ms[39m
[35m[39m
2023-06-18 12:46:05:465 [32minfo[39m: [32mServer listening on port: 3000[39m
2023-06-18 12:46:07:467 [32minfo[39m: [32mdatabase connection successful[39m
2023-06-18 12:46:08:468 [35mhttp[39m: [35mPOST /api/v1/user/send-otp-mobile 200 54 - 2285.935 ms[39m
[35m[39m
2023-06-18 12:46:28:4628 [35mhttp[39m: [35mPOST /api/v1/user/send-otp-mobile 200 195 - 113.383 ms[39m
[35m[39m
2023-06-18 12:49:46:4946 [35mhttp[39m: [35mPOST /api/v1/user/send-otp-mobile 200 54 - 278.356 ms[39m
[35m[39m
2023-06-18 12:49:55:4955 [35mhttp[39m: [35mPOST /api/v1/user/send-otp-mobile 200 195 - 104.594 ms[39m
[35m[39m
2023-06-18 12:55:00:550 [32minfo[39m: [32mServer listening on port: 3000[39m
2023-06-18 12:55:02:552 [32minfo[39m: [32mdatabase connection successful[39m
2023-06-18 12:55:03:553 [35mhttp[39m: [35mPOST /api/v1/user/send-otp-mobile 200 195 - 131.374 ms[39m
[35m[39m
2023-06-18 12:55:05:555 [35mhttp[39m: [35mPOST /api/v1/user/send-otp-mobile 200 195 - 106.738 ms[39m
[35m[39m
2023-06-18 12:55:06:556 [35mhttp[39m: [35mPOST /api/v1/user/send-otp-mobile 200 195 - 106.775 ms[39m
[35m[39m
2023-06-18 13:03:33:333 [35mhttp[39m: [35mPOST /api/v1/user/verify-mobile-otp 401 37 - 323.820 ms[39m
[35m[39m
2023-06-18 13:03:50:350 [35mhttp[39m: [35mPOST /api/v1/user/verify-mobile-otp 401 37 - 206.886 ms[39m
[35m[39m
2023-06-18 13:04:43:443 [35mhttp[39m: [35mPOST /api/v1/user/verify-mobile-otp 401 37 - 300.452 ms[39m
[35m[39m
2023-06-18 13:05:03:53 [35mhttp[39m: [35mPOST /api/v1/user/verify-mobile-otp 401 37 - 219.951 ms[39m
[35m[39m
2023-06-18 13:05:15:515 [35mhttp[39m: [35mPOST /api/v1/user/send-otp-mobile 200 54 - 410.694 ms[39m
[35m[39m
2023-06-18 13:05:35:535 [35mhttp[39m: [35mPOST /api/v1/user/verify-mobile-otp 401 37 - 232.908 ms[39m
[35m[39m
2023-06-18 13:06:21:621 [32minfo[39m: [32mServer listening on port: 3000[39m
2023-06-18 13:06:23:623 [32minfo[39m: [32mdatabase connection successful[39m
2023-06-18 13:06:27:627 [35mhttp[39m: [35mPOST /api/v1/user/verify-mobile-otp 200 163 - 146.105 ms[39m
[35m[39m
2023-06-18 13:06:37:637 [35mhttp[39m: [35mPOST /api/v1/user/verify-mobile-otp 401 37 - 326.306 ms[39m
[35m[39m
2023-06-18 13:07:25:725 [32minfo[39m: [32mServer listening on port: 3000[39m
2023-06-18 13:07:28:728 [32minfo[39m: [32mdatabase connection successful[39m
2023-06-18 13:07:41:741 [35mhttp[39m: [35mPOST /api/v1/user/verify-mobile-otp 200 55 - 385.698 ms[39m
[35m[39m
2023-06-19 22:26:28:2628 [32minfo[39m: [32mServer listening on port: 3000[39m
2023-06-19 22:26:30:2630 [32minfo[39m: [32mdatabase connection successful[39m
2023-06-19 22:26:36:2636 [31merror[39m: [31mjwt expired[39m
2023-06-19 22:26:36:2636 [35mhttp[39m: [35mPOST /api/v1/user/add-know-health-issue 401 12 - 6.841 ms[39m
[35m[39m
2023-06-19 22:26:43:2643 [35mhttp[39m: [35mPOST /api/v1/user/login 200 228 - 166.420 ms[39m
[35m[39m
2023-06-19 22:26:57:2657 [35mhttp[39m: [35mPOST /api/v1/user/add-know-health-issue 200 214 - 110.956 ms[39m
[35m[39m
2023-06-19 22:27:43:2743 [32minfo[39m: [32mServer listening on port: 3000[39m
2023-06-19 22:27:45:2745 [32minfo[39m: [32mdatabase connection successful[39m
2023-06-19 22:29:39:2939 [32minfo[39m: [32mServer listening on port: 3000[39m
2023-06-19 22:29:40:2940 [32minfo[39m: [32mdatabase connection successful[39m
2023-06-19 22:30:24:3024 [35mhttp[39m: [35mPOST /api/v1/user/add-know-health-issue 200 334 - 123.192 ms[39m
[35m[39m
2023-06-19 22:35:52:3552 [32minfo[39m: [32mServer listening on port: 3000[39m
2023-06-19 22:35:53:3553 [32minfo[39m: [32mdatabase connection successful[39m
2023-06-19 22:35:56:3556 [35mhttp[39m: [35mGET /api/v1/user/get-all-know-health-issue 404 176 - 2.421 ms[39m
[35m[39m
2023-06-19 22:36:03:363 [35mhttp[39m: [35mGET /api/v1/user/get-all-know-health-issue 404 176 - 1.274 ms[39m
[35m[39m
2023-06-19 22:36:35:3635 [32minfo[39m: [32mServer listening on port: 3000[39m
2023-06-19 22:36:36:3636 [32minfo[39m: [32mdatabase connection successful[39m
2023-06-19 22:36:43:3643 [35mhttp[39m: [35mGET /api/v1/user/get-all-know-health-issue 200 455 - 211.921 ms[39m
[35m[39m
2023-06-19 22:37:05:375 [35mhttp[39m: [35mGET /api/v1/user/get-all-know-health-issue 200 455 - 240.599 ms[39m
[35m[39m
2023-06-19 22:37:47:3747 [32minfo[39m: [32mServer listening on port: 3000[39m
2023-06-19 22:37:48:3748 [32minfo[39m: [32mdatabase connection successful[39m
2023-06-19 22:38:02:382 [31merror[39m: [31mCast to ObjectId failed for value "{ userDetailId: new ObjectId("648ea400a8fa753d8f7c995b") }" (type Object) at path "_id" for model "KnownHealthConditions"[39m
2023-06-19 22:38:02:382 [35mhttp[39m: [35mGET /api/v1/user/get-all-know-health-issue 400 11 - 114.697 ms[39m
[35m[39m
2023-06-19 22:38:18:3818 [31merror[39m: [31mCast to ObjectId failed for value "{ userDetailId: new ObjectId("648ea400a8fa753d8f7c995b") }" (type Object) at path "_id" for model "KnownHealthConditions"[39m
2023-06-19 22:38:18:3818 [35mhttp[39m: [35mGET /api/v1/user/get-all-know-health-issue 400 11 - 106.966 ms[39m
[35m[39m
2023-06-19 22:38:32:3832 [32minfo[39m: [32mServer listening on port: 3000[39m
2023-06-19 22:38:33:3833 [32minfo[39m: [32mdatabase connection successful[39m
2023-06-19 22:38:50:3850 [35mhttp[39m: [35mGET /api/v1/user/get-all-know-health-issue 200 455 - 220.505 ms[39m
[35m[39m
2023-06-19 22:39:04:394 [35mhttp[39m: [35mGET /api/v1/user/get-all-know-health-issue 200 455 - 207.706 ms[39m
[35m[39m
2023-06-20 13:41:10:4110 [32minfo[39m: [32mServer listening on port: 3000[39m
2023-06-20 13:41:12:4112 [32minfo[39m: [32mdatabase connection successful[39m
2023-06-20 13:43:39:4339 [35mhttp[39m: [35mPOST /api/v1/user/add-user-health-history 200 346 - 140.055 ms[39m
[35m[39m
2023-06-20 13:46:42:4642 [32minfo[39m: [32mServer listening on port: 3000[39m
2023-06-20 13:46:44:4644 [32minfo[39m: [32mdatabase connection successful[39m
2023-06-20 13:46:45:4645 [35mhttp[39m: [35mPOST /api/v1/user/add-user-health-history 200 293 - 154.216 ms[39m
[35m[39m
2023-06-20 13:48:00:480 [32minfo[39m: [32mServer listening on port: 3000[39m
2023-06-20 13:48:01:481 [32minfo[39m: [32mdatabase connection successful[39m
2023-06-20 13:48:03:483 [35mhttp[39m: [35mPOST /api/v1/user/add-user-health-history 200 328 - 151.344 ms[39m
[35m[39m
2023-06-20 13:48:09:489 [35mhttp[39m: [35mGET /api/v1/user/get-all-user-health-history 200 452 - 274.103 ms[39m
[35m[39m
2023-06-20 13:48:30:4830 [35mhttp[39m: [35mPOST /api/v1/user/add-user-health-history 200 330 - 138.337 ms[39m
[35m[39m
2023-06-20 13:48:33:4833 [35mhttp[39m: [35mGET /api/v1/user/get-all-user-health-history 200 810 - 271.586 ms[39m
[35m[39m
2023-06-20 13:49:21:4921 [35mhttp[39m: [35mGET /api/v1/user/get-all-know-health-issue 200 455 - 8693.770 ms[39m
[35m[39m
2023-06-20 13:49:33:4933 [32minfo[39m: [32mServer listening on port: 3000[39m
2023-06-20 13:49:34:4934 [32minfo[39m: [32mdatabase connection successful[39m
2023-06-20 13:49:38:4938 [35mhttp[39m: [35mGET /api/v1/user/get-all-know-health-issue 200 455 - 271.251 ms[39m
[35m[39m
2023-06-20 13:49:40:4940 [35mhttp[39m: [35mGET /api/v1/user/get-all-know-health-issue 200 455 - 259.704 ms[39m
[35m[39m
2023-06-20 13:49:44:4944 [35mhttp[39m: [35mPOST /api/v1/user/add-know-health-issue 200 334 - 143.242 ms[39m
[35m[39m
2023-06-20 13:49:47:4947 [35mhttp[39m: [35mGET /api/v1/user/get-all-know-health-issue 200 820 - 260.660 ms[39m
[35m[39m
2023-06-20 14:04:16:416 [32minfo[39m: [32mServer listening on port: 3000[39m
2023-06-20 14:04:37:437 [32minfo[39m: [32mdatabase connection successful[39m
2023-06-20 14:05:24:524 [35mhttp[39m: [35mGET /api/v1/user/get-all-user-family 404 170 - 2.684 ms[39m
[35m[39m
2023-06-20 14:06:16:616 [32minfo[39m: [32mServer listening on port: 3000[39m
2023-06-20 14:06:17:617 [32minfo[39m: [32mdatabase connection successful[39m
2023-06-20 14:06:18:618 [35mhttp[39m: [35mPOST /api/v1/user/add-user-family 200 245 - 577.021 ms[39m
[35m[39m
2023-06-20 14:07:21:721 [32minfo[39m: [32mServer listening on port: 3000[39m
2023-06-20 14:07:23:723 [32minfo[39m: [32mdatabase connection successful[39m
2023-06-20 14:07:24:724 [35mhttp[39m: [35mPOST /api/v1/user/add-user-family 200 58 - 315.274 ms[39m
[35m[39m
2023-06-20 14:07:33:733 [35mhttp[39m: [35mPOST /api/v1/user/add-user-family 200 58 - 137.714 ms[39m
[35m[39m
2023-06-20 14:07:36:736 [35mhttp[39m: [35mGET /api/v1/user/get-all-user-family 200 707 - 274.364 ms[39m
[35m[39m
2023-06-20 14:25:28:2528 [32minfo[39m: [32mServer listening on port: 3000[39m
2023-06-20 14:25:30:2530 [32minfo[39m: [32mdatabase connection successful[39m
2023-06-20 14:27:01:271 [35mhttp[39m: [35mPOST /api/v1/user/add-user-health-activity 200 334 - 163.989 ms[39m
[35m[39m
2023-06-20 14:27:05:275 [35mhttp[39m: [35mGET /api/v1/user/get-all-user-health-activity 200 458 - 292.288 ms[39m
[35m[39m
2023-06-20 14:42:44:4244 [32minfo[39m: [32mServer listening on port: 3000[39m
2023-06-20 14:42:45:4245 [32minfo[39m: [32mdatabase connection successful[39m
2023-06-20 14:42:49:4249 [35mhttp[39m: [35mPOST /api/v1/user/add-user-appointments 200 373 - 671.539 ms[39m
[35m[39m
2023-06-20 14:42:55:4255 [35mhttp[39m: [35mGET /api/v1/user/get-all-user-appointments 200 497 - 269.449 ms[39m
[35m[39m
2023-06-24 10:57:00:570 [32minfo[39m: [32mServer listening on port: 3000[39m
2023-06-24 10:57:01:571 [32minfo[39m: [32mdatabase connection successful[39m
2023-06-24 10:57:08:578 [31merror[39m: [31mjwt expired[39m
2023-06-24 10:57:08:578 [35mhttp[39m: [35mGET /api/v1/user/get-all-user-appointments 401 12 - 6.998 ms[39m
[35m[39m
2023-06-24 10:57:16:5716 [35mhttp[39m: [35mPOST /api/v1/user/login 200 228 - 167.713 ms[39m
[35m[39m
2023-06-24 10:57:33:5733 [35mhttp[39m: [35mGET /api/v1/user/get-all-user-appointments 200 497 - 210.648 ms[39m
[35m[39m
2023-06-24 10:57:53:5753 [35mhttp[39m: [35mPOST /api/v1/user/add-user-appointments 200 373 - 107.209 ms[39m
[35m[39m
2023-06-24 10:58:05:585 [35mhttp[39m: [35mGET /api/v1/user/get-all-user-health-activity 200 458 - 207.650 ms[39m
[35m[39m
2023-06-24 11:06:26:626 [35mhttp[39m: [35mPOST /api/v1/user/login 200 228 - 161.089 ms[39m
[35m[39m
2023-06-24 11:06:58:658 [31merror[39m: [31mjwt expired[39m
2023-06-24 11:06:58:658 [35mhttp[39m: [35mPOST /api/v1/user/send-otp-mobile 401 12 - 2.084 ms[39m
[35m[39m
2023-06-24 11:07:06:76 [35mhttp[39m: [35mPOST /api/v1/user/send-otp-mobile 200 54 - 385.244 ms[39m
[35m[39m
2023-06-24 11:07:28:728 [35mhttp[39m: [35mPOST /api/v1/user/verify-mobile-otp 401 37 - 217.859 ms[39m
[35m[39m
2023-06-24 11:07:48:748 [35mhttp[39m: [35mPOST /api/v1/user/verify-mobile-otp 200 55 - 217.178 ms[39m
[35m[39m
2023-06-24 11:08:32:832 [35mhttp[39m: [35mGET /api/v1/user/get-all-know-health-issue 200 820 - 221.815 ms[39m
[35m[39m
2023-06-24 11:09:15:915 [35mhttp[39m: [35mGET /api/v1/user/get-all-user-health-history 200 810 - 218.864 ms[39m
[35m[39m
2023-06-24 11:10:08:108 [35mhttp[39m: [35mGET /api/v1/user/get-all-user-family 200 707 - 220.727 ms[39m
[35m[39m
2023-06-24 11:27:07:277 [35mhttp[39m: [35mPOST /api/v1/user/login 200 228 - 164.471 ms[39m
[35m[39m
2023-06-24 11:27:15:2715 [31merror[39m: [31mjwt expired[39m
2023-06-24 11:27:15:2715 [35mhttp[39m: [35mGET /api/v1/user/get-user-details 401 12 - 3.028 ms[39m
[35m[39m
2023-06-24 11:27:22:2722 [31merror[39m: [31mjwt malformed[39m
2023-06-24 11:27:22:2722 [35mhttp[39m: [35mGET /api/v1/user/get-user-details 401 12 - 2.097 ms[39m
[35m[39m
2023-06-24 11:27:35:2735 [35mhttp[39m: [35mGET /api/v1/user/get-user-details 200 258 - 109.901 ms[39m
[35m[39m
2023-06-24 11:28:01:281 [35mhttp[39m: [35mPOST /api/v1/user/send-otp-mobile 200 54 - 250.613 ms[39m
[35m[39m
2023-06-24 11:28:31:2831 [35mhttp[39m: [35mPOST /api/v1/user/verify-mobile-otp 200 55 - 216.577 ms[39m
[35m[39m
2023-06-24 11:30:31:3031 [35mhttp[39m: [35mPOST /api/v1/user/send-otp-mobile 200 54 - 246.002 ms[39m
[35m[39m
2023-06-24 11:31:24:3124 [35mhttp[39m: [35mGET /api/v1/user/get-all-know-health-issue 200 820 - 219.955 ms[39m
[35m[39m
2023-06-24 11:32:46:3246 [35mhttp[39m: [35mGET /api/v1/user/get-all-user-health-history 200 810 - 218.221 ms[39m
[35m[39m
2023-06-24 11:33:26:3326 [35mhttp[39m: [35mGET /api/v1/user/get-all-user-family 200 707 - 218.170 ms[39m
[35m[39m
2023-06-24 11:33:35:3335 [35mhttp[39m: [35mGET /api/v1/user/get-all-user-health-activity 200 458 - 217.022 ms[39m
[35m[39m
2023-06-24 11:34:24:3424 [35mhttp[39m: [35mGET /api/v1/user/get-all-user-appointments 200 901 - 218.204 ms[39m
[35m[39m
2023-06-24 11:40:57:4057 [35mhttp[39m: [35mGET /api/v1/user/get-all-user-appointments 200 901 - 219.629 ms[39m
[35m[39m
2023-06-30 20:06:49:649 [32minfo[39m: [32mServer listening on port: 3200[39m
2023-06-30 20:06:51:651 [32minfo[39m: [32mdatabase connection successful[39m
2023-06-30 20:09:09:99 [35mhttp[39m: [35mOPTIONS /api/v1/user/login 200 4 - 4.706 ms[39m
[35m[39m
2023-06-30 20:09:34:934 [35mhttp[39m: [35mOPTIONS /api/v1/user/login 200 4 - 3.049 ms[39m
[35m[39m
2023-06-30 20:20:13:2013 [32minfo[39m: [32mServer listening on port: 3200[39m
2023-06-30 20:20:15:2015 [32minfo[39m: [32mdatabase connection successful[39m
2023-06-30 20:20:19:2019 [35mhttp[39m: [35mPOST /api/v1/user/login 200 228 - 220.459 ms[39m
[35m[39m
2023-06-30 20:20:19:2019 [35mhttp[39m: [35mGET /api/v1/user/get-user-details 200 258 - 149.722 ms[39m
[35m[39m
2023-06-30 20:20:20:2020 [35mhttp[39m: [35mGET /api/v1/user/get-user-details 304 - - 135.156 ms[39m
[35m[39m
2023-06-30 20:20:20:2020 [35mhttp[39m: [35mGET /api/v1/user/get-user-details 304 - - 129.497 ms[39m
[35m[39m
2023-06-30 20:20:22:2022 [35mhttp[39m: [35mGET /api/v1/user/get-all-user-health-activity 200 1520 - 284.737 ms[39m
[35m[39m
2023-06-30 20:20:23:2023 [35mhttp[39m: [35mGET /api/v1/user/get-all-user-health-activity 304 - - 303.301 ms[39m
[35m[39m
2023-06-30 20:20:47:2047 [35mhttp[39m: [35mGET /api/v1/user/get-all-user-family 200 1018 - 293.900 ms[39m
[35m[39m
2023-06-30 20:20:47:2047 [35mhttp[39m: [35mGET /api/v1/user/get-all-user-family 304 - - 279.442 ms[39m
[35m[39m
2023-06-30 20:35:07:357 [32minfo[39m: [32mServer listening on port: 3200[39m
2023-06-30 20:35:11:3511 [32minfo[39m: [32mdatabase connection successful[39m
2023-06-30 20:35:12:3512 [35mhttp[39m: [35mGET /api/v1/user/get-all-user-health-history 200 1175 - 4717.228 ms[39m
[35m[39m
2023-06-30 20:35:12:3512 [35mhttp[39m: [35mGET /api/v1/user/get-all-user-health-activity 304 - - 579.911 ms[39m
[35m[39m
2023-06-30 20:35:12:3512 [35mhttp[39m: [35mGET /api/v1/user/get-all-user-health-history 304 - - 311.521 ms[39m
[35m[39m
2023-06-30 20:35:13:3513 [35mhttp[39m: [35mGET /api/v1/user/get-all-user-health-activity 304 - - 480.308 ms[39m
[35m[39m
2023-06-30 20:35:16:3516 [35mhttp[39m: [35mGET /api/v1/user/get-all-user-health-activity 304 - - 359.162 ms[39m
[35m[39m
2023-06-30 20:35:16:3516 [35mhttp[39m: [35mGET /api/v1/user/get-all-user-health-activity 304 - - 393.596 ms[39m
[35m[39m
2023-06-30 20:35:21:3521 [35mhttp[39m: [35mGET /api/v1/user/get-all-user-family 304 - - 275.997 ms[39m
[35m[39m
2023-06-30 20:35:21:3521 [35mhttp[39m: [35mGET /api/v1/user/get-all-user-family 304 - - 279.106 ms[39m
[35m[39m
2023-06-30 20:35:25:3525 [35mhttp[39m: [35mGET /api/v1/user/get-all-know-health-issue 200 1546 - 333.599 ms[39m
[35m[39m
2023-06-30 20:35:26:3526 [35mhttp[39m: [35mGET /api/v1/user/get-all-know-health-issue 304 - - 255.456 ms[39m
[35m[39m
2023-06-30 20:35:29:3529 [35mhttp[39m: [35mGET /api/v1/user/get-all-user-appointments 200 1305 - 296.529 ms[39m
[35m[39m
2023-06-30 20:35:29:3529 [35mhttp[39m: [35mGET /api/v1/user/get-all-user-appointments 304 - - 286.839 ms[39m
[35m[39m
2023-07-17 13:55:30:5530 [32minfo[39m: [32mServer listening on port: 3200[39m
2023-07-17 13:55:32:5532 [32minfo[39m: [32mdatabase connection successful[39m
2023-07-17 13:56:38:5638 [31merror[39m: [31mjwt expired[39m
2023-07-17 13:56:38:5638 [35mhttp[39m: [35mGET /api/v1/user/get-user-details 401 12 - 13.504 ms[39m
[35m[39m
2023-07-17 13:56:38:5638 [31merror[39m: [31mjwt expired[39m
2023-07-17 13:56:38:5638 [35mhttp[39m: [35mGET /api/v1/user/get-user-details 401 12 - 3.468 ms[39m
[35m[39m
2023-07-17 13:56:43:5643 [31merror[39m: [31mjwt malformed[39m
2023-07-17 13:56:43:5643 [35mhttp[39m: [35mGET /api/v1/user/get-all-user-health-history 401 12 - 3.828 ms[39m
[35m[39m
2023-07-17 13:56:43:5643 [31merror[39m: [31mjwt malformed[39m
2023-07-17 13:56:43:5643 [35mhttp[39m: [35mGET /api/v1/user/get-all-user-health-history 401 12 - 1.655 ms[39m
[35m[39m
2023-07-17 13:56:47:5647 [31merror[39m: [31mjwt malformed[39m
2023-07-17 13:56:47:5647 [35mhttp[39m: [35mGET /api/v1/user/get-all-user-health-activity 401 12 - 1.359 ms[39m
[35m[39m
2023-07-17 13:56:47:5647 [31merror[39m: [31mjwt malformed[39m
2023-07-17 13:56:47:5647 [35mhttp[39m: [35mGET /api/v1/user/get-all-user-health-activity 401 12 - 2.854 ms[39m
[35m[39m
2023-07-17 13:57:04:574 [35mhttp[39m: [35mPOST /api/v1/user/login 200 228 - 235.936 ms[39m
[35m[39m
2023-07-17 13:57:04:574 [35mhttp[39m: [35mGET /api/v1/user/get-user-details 200 258 - 317.333 ms[39m
[35m[39m
2023-07-17 13:57:05:575 [35mhttp[39m: [35mGET /api/v1/user/get-user-details 304 - - 224.915 ms[39m
[35m[39m
2023-07-17 13:57:05:575 [35mhttp[39m: [35mGET /api/v1/user/get-user-details 304 - - 215.743 ms[39m
[35m[39m
2023-07-17 13:57:11:5711 [35mhttp[39m: [35mGET /api/v1/user/get-all-user-health-history 200 1175 - 260.073 ms[39m
[35m[39m
2023-07-17 13:57:11:5711 [35mhttp[39m: [35mGET /api/v1/user/get-all-user-health-history 304 - - 258.925 ms[39m
[35m[39m
2023-07-17 13:57:13:5713 [35mhttp[39m: [35mGET /api/v1/user/get-all-user-health-activity 200 1520 - 335.360 ms[39m
[35m[39m
2023-07-17 13:57:14:5714 [35mhttp[39m: [35mGET /api/v1/user/get-all-user-health-activity 304 - - 242.575 ms[39m
[35m[39m
2023-07-17 13:57:21:5721 [35mhttp[39m: [35mGET /api/v1/user/get-all-user-health-history 304 - - 374.776 ms[39m
[35m[39m
2023-07-17 13:57:21:5721 [35mhttp[39m: [35mGET /api/v1/user/get-all-user-health-history 304 - - 362.463 ms[39m
[35m[39m
2023-07-17 13:57:26:5726 [35mhttp[39m: [35mGET /api/v1/user/get-all-user-health-activity 304 - - 230.213 ms[39m
[35m[39m
2023-07-17 13:57:26:5726 [35mhttp[39m: [35mGET /api/v1/user/get-all-user-health-activity 304 - - 235.219 ms[39m
[35m[39m
2023-07-17 13:57:40:5740 [35mhttp[39m: [35mGET /api/v1/user/get-user-details 304 - - 296.762 ms[39m
[35m[39m
2023-07-17 13:57:41:5741 [35mhttp[39m: [35mGET /api/v1/user/get-user-details 304 - - 237.040 ms[39m
[35m[39m
2023-07-17 13:57:47:5747 [35mhttp[39m: [35mGET /api/v1/user/get-all-user-health-activity 304 - - 320.092 ms[39m
[35m[39m
2023-07-17 13:57:47:5747 [35mhttp[39m: [35mGET /api/v1/user/get-all-user-health-activity 304 - - 371.502 ms[39m
[35m[39m
2023-07-17 13:57:48:5748 [35mhttp[39m: [35mGET /api/v1/user/get-all-user-health-history 304 - - 420.265 ms[39m
[35m[39m
2023-07-17 13:57:49:5749 [35mhttp[39m: [35mGET /api/v1/user/get-all-user-health-history 304 - - 579.976 ms[39m
[35m[39m
2023-07-17 13:57:50:5750 [35mhttp[39m: [35mGET /api/v1/user/get-all-user-health-activity 304 - - 638.132 ms[39m
[35m[39m
2023-07-17 13:57:50:5750 [35mhttp[39m: [35mGET /api/v1/user/get-all-user-health-activity 304 - - 537.447 ms[39m
[35m[39m
2023-07-17 13:58:37:5837 [35mhttp[39m: [35mGET /api/v1/user/get-user-details 304 - - 339.048 ms[39m
[35m[39m
2023-07-17 13:58:37:5837 [35mhttp[39m: [35mGET /api/v1/user/get-user-details 304 - - 321.829 ms[39m
[35m[39m
2023-07-17 13:58:38:5838 [35mhttp[39m: [35mGET /api/v1/user/get-all-user-health-history 304 - - 251.326 ms[39m
[35m[39m
2023-07-17 13:58:39:5839 [35mhttp[39m: [35mGET /api/v1/user/get-all-user-health-history 304 - - 365.390 ms[39m
[35m[39m
2023-07-17 13:58:40:5840 [35mhttp[39m: [35mGET /api/v1/user/get-all-user-health-activity 304 - - 333.286 ms[39m
[35m[39m
2023-07-17 13:58:40:5840 [35mhttp[39m: [35mGET /api/v1/user/get-all-user-health-activity 304 - - 399.765 ms[39m
[35m[39m
2023-07-17 13:58:44:5844 [35mhttp[39m: [35mGET /api/v1/user/login/authGoogle 302 0 - 1.704 ms[39m
[35m[39m
2023-07-17 13:59:11:5911 [35mhttp[39m: [35mPOST /api/v1/user/login 401 39 - 287.766 ms[39m
[35m[39m
2023-07-17 13:59:14:5914 [35mhttp[39m: [35mPOST /api/v1/user/login 200 228 - 250.962 ms[39m
[35m[39m
2023-07-17 13:59:14:5914 [35mhttp[39m: [35mGET /api/v1/user/get-user-details 304 - - 192.447 ms[39m
[35m[39m
2023-07-17 13:59:14:5914 [35mhttp[39m: [35mGET /api/v1/user/get-user-details 304 - - 220.331 ms[39m
[35m[39m
2023-07-17 13:59:14:5914 [35mhttp[39m: [35mGET /api/v1/user/get-user-details 304 - - 211.602 ms[39m
[35m[39m
2023-07-17 13:59:43:5943 [35mhttp[39m: [35mGET /api/v1/user/get-all-user-health-history 304 - - 524.024 ms[39m
[35m[39m
2023-07-17 13:59:43:5943 [35mhttp[39m: [35mGET /api/v1/user/get-all-user-health-history 304 - - 389.282 ms[39m
[35m[39m
2023-07-17 14:00:00:00 [35mhttp[39m: [35mPOST /api/v1/user/add-user-health-history 200 314 - 186.913 ms[39m
[35m[39m
2023-07-17 14:00:00:00 [35mhttp[39m: [35mGET /api/v1/user/get-all-user-health-history 304 - - 335.605 ms[39m
[35m[39m
2023-07-17 14:00:07:07 [35mhttp[39m: [35mGET /api/v1/user/get-user-details 304 - - 308.225 ms[39m
[35m[39m
2023-07-17 14:00:07:07 [35mhttp[39m: [35mGET /api/v1/user/get-user-details 304 - - 292.180 ms[39m
[35m[39m
2023-07-17 14:00:07:07 [35mhttp[39m: [35mGET /api/v1/user/get-all-user-health-history 304 - - 638.013 ms[39m
[35m[39m
2023-07-17 14:00:08:08 [35mhttp[39m: [35mGET /api/v1/user/get-all-user-health-history 304 - - 504.728 ms[39m
[35m[39m
2023-07-17 14:00:17:017 [35mhttp[39m: [35mGET /api/v1/user/get-all-user-health-activity 304 - - 591.401 ms[39m
[35m[39m
2023-07-17 14:00:17:017 [35mhttp[39m: [35mGET /api/v1/user/get-all-user-health-activity 304 - - 593.372 ms[39m
[35m[39m
2023-07-17 14:00:18:018 [35mhttp[39m: [35mGET /api/v1/user/get-all-user-health-history 304 - - 539.871 ms[39m
[35m[39m
2023-07-17 14:00:19:019 [35mhttp[39m: [35mGET /api/v1/user/get-all-user-health-history 304 - - 534.331 ms[39m
[35m[39m
2023-07-17 14:00:20:020 [35mhttp[39m: [35mGET /api/v1/user/get-all-user-health-activity 304 - - 458.267 ms[39m
[35m[39m
2023-07-17 14:00:20:020 [35mhttp[39m: [35mGET /api/v1/user/get-all-user-health-activity 304 - - 421.569 ms[39m
[35m[39m
2023-07-17 14:00:24:024 [35mhttp[39m: [35mGET /api/v1/user/get-all-user-health-history 304 - - 403.172 ms[39m
[35m[39m
2023-07-17 14:00:24:024 [35mhttp[39m: [35mGET /api/v1/user/get-all-user-health-history 304 - - 400.127 ms[39m
[35m[39m
2023-07-17 21:19:49:1949 [35mhttp[39m: [35mGET /api/v1/user/get-all-user-family 200 1018 - 1580.769 ms[39m
[35m[39m
2023-07-17 21:19:50:1950 [35mhttp[39m: [35mGET /api/v1/user/get-all-user-family 304 - - 351.403 ms[39m
[35m[39m
2023-07-17 21:19:59:1959 [35mhttp[39m: [35mPOST /api/v1/user/add-user-family 200 58 - 184.578 ms[39m
[35m[39m
2023-07-17 21:20:00:200 [35mhttp[39m: [35mGET /api/v1/user/get-all-user-family 200 1332 - 1303.618 ms[39m
[35m[39m
2023-07-17 21:20:14:2014 [35mhttp[39m: [35mGET /api/v1/user/get-all-user-health-activity 200 1875 - 233.415 ms[39m
[35m[39m
2023-07-17 21:20:15:2015 [35mhttp[39m: [35mGET /api/v1/user/get-all-user-health-activity 304 - - 234.388 ms[39m
[35m[39m
2023-07-17 21:20:18:2018 [35mhttp[39m: [35mGET /api/v1/user/get-all-user-health-history 200 1531 - 486.745 ms[39m
[35m[39m
2023-07-17 21:20:19:2019 [35mhttp[39m: [35mGET /api/v1/user/get-all-user-health-history 304 - - 302.087 ms[39m
[35m[39m
2023-07-17 21:20:22:2022 [35mhttp[39m: [35mGET /api/v1/user/get-all-user-family 304 - - 264.403 ms[39m
[35m[39m
2023-07-17 21:20:22:2022 [35mhttp[39m: [35mGET /api/v1/user/get-all-user-family 304 - - 261.746 ms[39m
[35m[39m
2023-07-17 21:20:28:2028 [35mhttp[39m: [35mGET /api/v1/user/get-all-know-health-issue 200 1546 - 259.492 ms[39m
[35m[39m
2023-07-17 21:20:28:2028 [35mhttp[39m: [35mGET /api/v1/user/get-all-know-health-issue 304 - - 393.865 ms[39m
[35m[39m
2023-07-17 21:20:32:2032 [35mhttp[39m: [35mGET /api/v1/user/get-all-user-appointments 200 1305 - 617.815 ms[39m
[35m[39m
2023-07-17 21:20:32:2032 [35mhttp[39m: [35mGET /api/v1/user/get-all-user-appointments 304 - - 252.381 ms[39m
[35m[39m
2023-07-17 21:20:42:2042 [35mhttp[39m: [35mGET /api/v1/user/get-user-details 304 - - 185.668 ms[39m
[35m[39m
2023-07-17 21:20:42:2042 [35mhttp[39m: [35mGET /api/v1/user/get-user-details 304 - - 209.548 ms[39m
[35m[39m
2023-07-17 21:20:45:2045 [35mhttp[39m: [35mGET /api/v1/user/get-all-user-appointments 304 - - 795.043 ms[39m
[35m[39m
2023-07-17 21:20:45:2045 [35mhttp[39m: [35mGET /api/v1/user/get-all-user-appointments 304 - - 298.408 ms[39m
[35m[39m
2023-07-17 21:20:53:2053 [35mhttp[39m: [35mGET /api/v1/user/get-user-details 304 - - 533.901 ms[39m
[35m[39m
2023-07-17 21:20:54:2054 [35mhttp[39m: [35mGET /api/v1/user/get-user-details 304 - - 500.057 ms[39m
[35m[39m
2023-07-17 21:21:02:212 [35mhttp[39m: [35mGET /api/v1/user/get-all-know-health-issue 304 - - 1207.810 ms[39m
[35m[39m
2023-07-17 21:21:03:213 [35mhttp[39m: [35mGET /api/v1/user/get-all-know-health-issue 304 - - 800.715 ms[39m
[35m[39m
2023-07-17 21:21:32:2132 [35mhttp[39m: [35mGET /api/v1/user/get-all-user-health-history 304 - - 460.153 ms[39m
[35m[39m
2023-07-17 21:21:32:2132 [35mhttp[39m: [35mGET /api/v1/user/get-all-user-health-history 304 - - 272.784 ms[39m
[35m[39m
2023-07-17 21:21:34:2134 [35mhttp[39m: [35mGET /api/v1/user/get-all-user-health-activity 304 - - 269.253 ms[39m
[35m[39m
2023-07-17 21:21:34:2134 [35mhttp[39m: [35mGET /api/v1/user/get-all-user-health-activity 304 - - 269.505 ms[39m
[35m[39m
2023-07-17 21:24:42:2442 [35mhttp[39m: [35mGET /api/v1/user/get-all-user-health-history 304 - - 266.833 ms[39m
[35m[39m
2023-07-17 21:24:43:2443 [35mhttp[39m: [35mGET /api/v1/user/get-all-user-health-history 304 - - 441.056 ms[39m
[35m[39m
2023-07-17 21:24:48:2448 [35mhttp[39m: [35mGET /api/v1/user/get-all-user-health-history 304 - - 465.167 ms[39m
[35m[39m
2023-07-17 21:24:48:2448 [35mhttp[39m: [35mGET /api/v1/user/get-all-user-health-history 304 - - 467.788 ms[39m
[35m[39m
2023-07-18 10:36:12:3612 [35mhttp[39m: [35mGET /api/v1/user/get-user-details 304 - - 832.412 ms[39m
[35m[39m
2023-07-18 10:36:12:3612 [35mhttp[39m: [35mGET /api/v1/user/get-user-details 304 - - 115.418 ms[39m
[35m[39m
2023-07-18 10:36:15:3615 [35mhttp[39m: [35mGET /api/v1/user/get-user-details 304 - - 114.346 ms[39m
[35m[39m
2023-07-18 10:36:15:3615 [35mhttp[39m: [35mGET /api/v1/user/get-user-details 304 - - 113.829 ms[39m
[35m[39m
2023-07-18 10:36:18:3618 [35mhttp[39m: [35mGET /api/v1/user/get-all-user-health-activity 304 - - 241.300 ms[39m
[35m[39m
2023-07-18 10:36:18:3618 [35mhttp[39m: [35mGET /api/v1/user/get-all-user-health-activity 304 - - 232.862 ms[39m
[35m[39m
2023-07-18 10:56:46:5646 [35mhttp[39m: [35mGET /api/v1/user/get-user-details 304 - - 119.443 ms[39m
[35m[39m
2023-07-18 10:56:46:5646 [35mhttp[39m: [35mGET /api/v1/user/get-user-details 304 - - 121.669 ms[39m
[35m[39m
2023-07-18 10:56:52:5652 [35mhttp[39m: [35mGET /api/v1/user/get-user-details 304 - - 114.799 ms[39m
[35m[39m
2023-07-18 10:56:52:5652 [35mhttp[39m: [35mGET /api/v1/user/get-user-details 304 - - 116.872 ms[39m
[35m[39m
2023-07-18 10:57:32:5732 [35mhttp[39m: [35mGET /api/v1/user/get-all-user-health-activity 304 - - 247.882 ms[39m
[35m[39m
2023-07-18 10:57:32:5732 [35mhttp[39m: [35mGET /api/v1/user/get-all-user-health-activity 304 - - 236.648 ms[39m
[35m[39m
2023-07-18 10:57:40:5740 [35mhttp[39m: [35mGET /api/v1/user/get-user-details 304 - - 117.493 ms[39m
[35m[39m
2023-07-18 10:57:40:5740 [35mhttp[39m: [35mGET /api/v1/user/get-user-details 304 - - 117.301 ms[39m
[35m[39m
2023-07-18 10:57:42:5742 [35mhttp[39m: [35mGET /api/v1/user/get-all-user-health-activity 304 - - 229.300 ms[39m
[35m[39m
2023-07-18 10:57:43:5743 [35mhttp[39m: [35mGET /api/v1/user/get-all-user-health-activity 304 - - 228.689 ms[39m
[35m[39m
2023-07-18 11:11:53:1153 [35mhttp[39m: [35mGET /api/v1/user/get-user-details 304 - - 1161.742 ms[39m
[35m[39m
2023-07-18 11:11:53:1153 [35mhttp[39m: [35mGET /api/v1/user/get-user-details 304 - - 134.013 ms[39m
[35m[39m
2023-07-18 11:12:09:129 [35mhttp[39m: [35mGET /api/v1/user/get-user-details 304 - - 113.089 ms[39m
[35m[39m
2023-07-18 11:12:09:129 [35mhttp[39m: [35mGET /api/v1/user/get-user-details 304 - - 112.911 ms[39m
[35m[39m
2023-07-18 11:50:10:5010 [35mhttp[39m: [35mGET /api/v1/user/get-user-details 304 - - 774.621 ms[39m
[35m[39m
2023-07-18 11:50:10:5010 [35mhttp[39m: [35mGET /api/v1/user/get-user-details 304 - - 113.254 ms[39m
[35m[39m
2023-07-18 11:50:17:5017 [35mhttp[39m: [35mGET /api/v1/user/get-user-details 304 - - 113.570 ms[39m
[35m[39m
2023-07-18 11:50:17:5017 [35mhttp[39m: [35mGET /api/v1/user/get-user-details 304 - - 112.899 ms[39m
[35m[39m
2023-07-18 11:55:18:5518 [35mhttp[39m: [35mGET /api/v1/user/get-user-details 304 - - 113.744 ms[39m
[35m[39m
2023-07-18 11:55:18:5518 [35mhttp[39m: [35mGET /api/v1/user/get-user-details 304 - - 112.293 ms[39m
[35m[39m
2023-07-18 11:56:31:5631 [35mhttp[39m: [35mGET /api/v1/user/get-user-details 304 - - 114.725 ms[39m
[35m[39m
2023-07-18 11:56:31:5631 [35mhttp[39m: [35mGET /api/v1/user/get-user-details 304 - - 113.433 ms[39m
[35m[39m
2023-07-18 11:57:47:5747 [35mhttp[39m: [35mGET /api/v1/user/get-user-details 304 - - 117.758 ms[39m
[35m[39m
2023-07-18 11:57:47:5747 [35mhttp[39m: [35mGET /api/v1/user/get-user-details 304 - - 114.156 ms[39m
[35m[39m
2023-07-18 11:57:58:5758 [35mhttp[39m: [35mGET /api/v1/user/get-all-user-health-activity 304 - - 228.916 ms[39m
[35m[39m
2023-07-18 11:57:59:5759 [35mhttp[39m: [35mGET /api/v1/user/get-all-user-health-activity 304 - - 222.147 ms[39m
[35m[39m
2023-07-18 11:58:17:5817 [35mhttp[39m: [35mPOST /api/v1/user/login 200 228 - 208.304 ms[39m
[35m[39m
2023-07-18 11:58:17:5817 [35mhttp[39m: [35mGET /api/v1/user/get-user-details 200 258 - 114.929 ms[39m
[35m[39m
2023-07-18 11:58:17:5817 [35mhttp[39m: [35mGET /api/v1/user/get-user-details 304 - - 112.317 ms[39m
[35m[39m
2023-07-18 11:58:17:5817 [35mhttp[39m: [35mGET /api/v1/user/get-user-details 304 - - 111.971 ms[39m
[35m[39m
2023-07-18 11:58:27:5827 [35mhttp[39m: [35mGET /api/v1/user/get-user-details 304 - - 120.016 ms[39m
[35m[39m
2023-07-18 11:58:27:5827 [35mhttp[39m: [35mGET /api/v1/user/get-user-details 304 - - 113.208 ms[39m
[35m[39m
2023-07-18 11:59:06:596 [35mhttp[39m: [35mGET /api/v1/user/get-user-details 304 - - 113.688 ms[39m
[35m[39m
2023-07-18 11:59:06:596 [35mhttp[39m: [35mGET /api/v1/user/get-user-details 304 - - 113.375 ms[39m
[35m[39m
2023-07-18 12:04:09:49 [35mhttp[39m: [35mPOST /api/v1/user/login 200 228 - 173.260 ms[39m
[35m[39m
2023-07-18 12:04:09:49 [35mhttp[39m: [35mGET /api/v1/user/get-user-details 304 - - 113.318 ms[39m
[35m[39m
2023-07-18 12:04:09:49 [35mhttp[39m: [35mGET /api/v1/user/get-user-details 304 - - 113.270 ms[39m
[35m[39m
2023-07-18 12:04:10:410 [35mhttp[39m: [35mGET /api/v1/user/get-user-details 304 - - 111.344 ms[39m
[35m[39m
2023-07-18 12:04:13:413 [35mhttp[39m: [35mPOST /api/v1/user/login 200 228 - 178.213 ms[39m
[35m[39m
2023-07-18 12:04:13:413 [35mhttp[39m: [35mGET /api/v1/user/get-user-details 304 - - 124.957 ms[39m
[35m[39m
2023-07-18 12:04:13:413 [35mhttp[39m: [35mGET /api/v1/user/get-user-details 304 - - 112.366 ms[39m
[35m[39m
2023-07-18 12:04:13:413 [35mhttp[39m: [35mGET /api/v1/user/get-user-details 304 - - 114.959 ms[39m
[35m[39m
2023-07-18 12:04:17:417 [35mhttp[39m: [35mGET /api/v1/user/get-all-user-health-activity 304 - - 225.137 ms[39m
[35m[39m
2023-07-18 12:04:18:418 [35mhttp[39m: [35mGET /api/v1/user/get-all-user-health-activity 304 - - 225.526 ms[39m
[35m[39m
2023-07-18 12:04:26:426 [35mhttp[39m: [35mGET /api/v1/user/get-all-user-health-activity 304 - - 225.267 ms[39m
[35m[39m
2023-07-18 12:04:26:426 [35mhttp[39m: [35mGET /api/v1/user/get-all-user-health-activity 304 - - 226.100 ms[39m
[35m[39m
2023-07-18 12:04:29:429 [35mhttp[39m: [35mGET /api/v1/user/get-all-user-health-history 304 - - 245.224 ms[39m
[35m[39m
2023-07-18 12:04:29:429 [35mhttp[39m: [35mGET /api/v1/user/get-all-user-health-history 304 - - 222.855 ms[39m
[35m[39m
2023-07-18 12:04:39:439 [35mhttp[39m: [35mGET /api/v1/user/get-all-user-health-history 304 - - 224.120 ms[39m
[35m[39m
2023-07-18 12:04:39:439 [35mhttp[39m: [35mGET /api/v1/user/get-all-user-health-history 304 - - 224.450 ms[39m
[35m[39m
2023-07-18 12:04:42:442 [35mhttp[39m: [35mGET /api/v1/user/get-all-user-family 304 - - 242.526 ms[39m
[35m[39m
2023-07-18 12:04:42:442 [35mhttp[39m: [35mGET /api/v1/user/get-all-user-family 304 - - 223.397 ms[39m
[35m[39m
2023-07-18 12:04:45:445 [35mhttp[39m: [35mGET /api/v1/user/get-all-know-health-issue 304 - - 235.548 ms[39m
[35m[39m
2023-07-18 12:04:45:445 [35mhttp[39m: [35mGET /api/v1/user/get-all-know-health-issue 304 - - 222.576 ms[39m
[35m[39m
2023-07-18 12:04:48:448 [35mhttp[39m: [35mGET /api/v1/user/get-all-user-appointments 304 - - 236.594 ms[39m
[35m[39m
2023-07-18 12:04:49:449 [35mhttp[39m: [35mGET /api/v1/user/get-all-user-appointments 304 - - 222.520 ms[39m
[35m[39m
2023-07-18 12:04:55:455 [35mhttp[39m: [35mGET /api/v1/user/get-all-user-health-activity 304 - - 228.880 ms[39m
[35m[39m
2023-07-18 12:04:55:455 [35mhttp[39m: [35mGET /api/v1/user/get-all-user-health-activity 304 - - 226.717 ms[39m
[35m[39m
2023-07-18 12:05:43:543 [35mhttp[39m: [35mGET /api/v1/user/get-all-user-health-activity 304 - - 227.540 ms[39m
[35m[39m
2023-07-18 12:05:43:543 [35mhttp[39m: [35mGET /api/v1/user/get-all-user-health-activity 304 - - 224.397 ms[39m
[35m[39m
2023-07-18 12:05:46:546 [35mhttp[39m: [35mGET /api/v1/user/get-all-user-health-activity 304 - - 226.620 ms[39m
[35m[39m
2023-07-18 12:05:46:546 [35mhttp[39m: [35mGET /api/v1/user/get-all-user-health-activity 304 - - 231.705 ms[39m
[35m[39m
2023-07-18 20:42:16:4216 [35mhttp[39m: [35mGET /api/v1/user/get-all-user-family 304 - - 971.670 ms[39m
[35m[39m
2023-07-18 20:42:16:4216 [35mhttp[39m: [35mGET /api/v1/user/get-all-user-family 304 - - 232.243 ms[39m
[35m[39m
2023-07-18 20:42:19:4219 [35mhttp[39m: [35mGET /api/v1/user/get-all-user-health-history 304 - - 236.904 ms[39m
[35m[39m
2023-07-18 20:42:19:4219 [35mhttp[39m: [35mGET /api/v1/user/get-all-user-health-history 304 - - 231.013 ms[39m
[35m[39m
2023-07-18 20:42:22:4222 [35mhttp[39m: [35mGET /api/v1/user/get-all-user-family 304 - - 231.781 ms[39m
[35m[39m
2023-07-18 20:42:22:4222 [35mhttp[39m: [35mGET /api/v1/user/get-all-user-family 304 - - 231.699 ms[39m
[35m[39m
2023-07-18 20:42:24:4224 [35mhttp[39m: [35mGET /api/v1/user/get-all-user-health-activity 304 - - 265.571 ms[39m
[35m[39m
2023-07-18 20:42:24:4224 [35mhttp[39m: [35mGET /api/v1/user/get-all-user-health-activity 304 - - 422.446 ms[39m
[35m[39m
2023-07-18 20:42:27:4227 [35mhttp[39m: [35mGET /api/v1/user/get-all-user-health-activity 304 - - 231.029 ms[39m
[35m[39m
2023-07-18 20:42:28:4228 [35mhttp[39m: [35mGET /api/v1/user/get-all-user-health-activity 304 - - 800.929 ms[39m
[35m[39m
2023-07-18 20:42:31:4231 [35mhttp[39m: [35mGET /api/v1/user/get-all-user-health-activity 304 - - 245.147 ms[39m
[35m[39m
2023-07-18 20:42:31:4231 [35mhttp[39m: [35mGET /api/v1/user/get-all-user-health-activity 304 - - 233.283 ms[39m
[35m[39m
2023-07-18 20:42:40:4240 [35mhttp[39m: [35mGET /api/v1/user/get-user-details 304 - - 114.040 ms[39m
[35m[39m
2023-07-18 20:42:41:4241 [35mhttp[39m: [35mGET /api/v1/user/get-user-details 304 - - 115.602 ms[39m
[35m[39m
2023-07-18 20:42:41:4241 [35mhttp[39m: [35mGET /api/v1/user/get-all-user-family 304 - - 897.540 ms[39m
[35m[39m
2023-07-18 20:42:42:4242 [35mhttp[39m: [35mGET /api/v1/user/get-all-user-family 304 - - 236.376 ms[39m
[35m[39m
2023-07-18 20:43:30:4330 [35mhttp[39m: [35mGET /api/v1/user/get-all-user-health-activity 304 - - 237.241 ms[39m
[35m[39m
2023-07-18 20:43:30:4330 [35mhttp[39m: [35mGET /api/v1/user/get-all-user-health-activity 304 - - 244.322 ms[39m
[35m[39m
2023-07-18 20:43:44:4344 [35mhttp[39m: [35mGET /api/v1/user/get-all-user-health-activity 304 - - 241.398 ms[39m
[35m[39m
2023-07-18 20:43:44:4344 [35mhttp[39m: [35mGET /api/v1/user/get-all-user-health-activity 304 - - 236.961 ms[39m
[35m[39m
2023-07-18 20:43:54:4354 [35mhttp[39m: [35mGET /api/v1/user/get-all-user-health-activity 304 - - 245.596 ms[39m
[35m[39m
2023-07-18 20:43:54:4354 [35mhttp[39m: [35mGET /api/v1/user/get-all-user-health-activity 304 - - 237.884 ms[39m
[35m[39m
2023-07-18 20:44:36:4436 [35mhttp[39m: [35mGET /api/v1/user/get-all-user-health-activity 304 - - 235.914 ms[39m
[35m[39m
2023-07-18 20:44:36:4436 [35mhttp[39m: [35mGET /api/v1/user/get-all-user-health-activity 304 - - 235.778 ms[39m
[35m[39m
2023-07-19 09:39:25:3925 [35mhttp[39m: [35mGET /api/v1/user/get-user-details 304 - - 822.095 ms[39m
[35m[39m
2023-07-19 09:39:26:3926 [35mhttp[39m: [35mGET /api/v1/user/get-user-details 304 - - 116.305 ms[39m
[35m[39m
2023-07-19 10:34:13:3413 [35mhttp[39m: [35mGET /api/v1/user/get-user-details 304 - - 937.990 ms[39m
[35m[39m
2023-07-19 10:34:13:3413 [35mhttp[39m: [35mGET /api/v1/user/get-user-details 304 - - 134.715 ms[39m
[35m[39m
2023-07-19 10:43:46:4346 [35mhttp[39m: [35mGET /api/v1/user/get-user-details 304 - - 126.860 ms[39m
[35m[39m
2023-07-19 10:43:46:4346 [35mhttp[39m: [35mGET /api/v1/user/get-user-details 304 - - 125.858 ms[39m
[35m[39m
2023-07-19 10:45:50:4550 [35mhttp[39m: [35mGET /api/v1/user/get-user-details 304 - - 126.553 ms[39m
[35m[39m
2023-07-19 10:45:50:4550 [35mhttp[39m: [35mGET /api/v1/user/get-user-details 304 - - 127.590 ms[39m
[35m[39m
2023-07-19 10:49:27:4927 [35mhttp[39m: [35mGET /api/v1/user/get-user-details 304 - - 137.099 ms[39m
[35m[39m
2023-07-19 10:49:27:4927 [35mhttp[39m: [35mGET /api/v1/user/get-user-details 304 - - 127.097 ms[39m
[35m[39m
2023-07-19 10:50:36:5036 [35mhttp[39m: [35mGET /api/v1/user/get-user-details 304 - - 125.906 ms[39m
[35m[39m
2023-07-19 10:50:36:5036 [35mhttp[39m: [35mGET /api/v1/user/get-user-details 304 - - 126.106 ms[39m
[35m[39m
2023-07-19 10:51:36:5136 [35mhttp[39m: [35mGET /api/v1/user/get-user-details 304 - - 132.621 ms[39m
[35m[39m
2023-07-19 10:51:36:5136 [35mhttp[39m: [35mGET /api/v1/user/get-user-details 304 - - 127.300 ms[39m
[35m[39m
2023-07-19 10:53:32:5332 [35mhttp[39m: [35mGET /api/v1/user/get-user-details 304 - - 127.278 ms[39m
[35m[39m
2023-07-19 10:53:33:5333 [35mhttp[39m: [35mGET /api/v1/user/get-user-details 304 - - 126.293 ms[39m
[35m[39m
2023-07-19 11:03:06:36 [35mhttp[39m: [35mGET /api/v1/user/get-user-details 304 - - 127.892 ms[39m
[35m[39m
2023-07-19 11:03:06:36 [35mhttp[39m: [35mGET /api/v1/user/get-user-details 304 - - 125.947 ms[39m
[35m[39m
2023-07-19 11:13:23:1323 [35mhttp[39m: [35mGET /api/v1/user/get-all-user-health-activity 304 - - 273.445 ms[39m
[35m[39m
2023-07-19 11:13:24:1324 [35mhttp[39m: [35mGET /api/v1/user/get-all-user-health-activity 304 - - 252.135 ms[39m
[35m[39m
2023-07-19 11:13:27:1327 [35mhttp[39m: [35mGET /api/v1/user/get-all-user-health-activity 304 - - 255.080 ms[39m
[35m[39m
2023-07-19 11:13:27:1327 [35mhttp[39m: [35mGET /api/v1/user/get-all-user-health-activity 304 - - 254.399 ms[39m
[35m[39m
2023-07-19 11:19:05:195 [35mhttp[39m: [35mPOST /api/v1/user/login 200 228 - 189.530 ms[39m
[35m[39m
2023-07-19 11:19:05:195 [35mhttp[39m: [35mGET /api/v1/user/get-user-details 304 - - 129.544 ms[39m
[35m[39m
2023-07-19 11:19:05:195 [35mhttp[39m: [35mGET /api/v1/user/get-user-details 304 - - 127.697 ms[39m
[35m[39m
2023-07-19 11:19:05:195 [35mhttp[39m: [35mGET /api/v1/user/get-user-details 304 - - 125.616 ms[39m
[35m[39m
2023-07-19 11:21:17:2117 [35mhttp[39m: [35mGET /api/v1/user/get-all-user-family 200 1018 - 281.250 ms[39m
[35m[39m
2023-07-19 11:21:18:2118 [35mhttp[39m: [35mGET /api/v1/user/get-all-user-family 304 - - 256.600 ms[39m
[35m[39m
2023-07-19 13:08:48:848 [35mhttp[39m: [35mGET /api/v1/user/get-all-user-health-activity 304 - - 893.180 ms[39m
[35m[39m
2023-07-19 13:08:48:848 [35mhttp[39m: [35mGET /api/v1/user/get-all-user-health-activity 304 - - 224.041 ms[39m
[35m[39m
2023-07-19 13:08:51:851 [35mhttp[39m: [35mGET /api/v1/user/get-all-user-health-history 304 - - 229.934 ms[39m
[35m[39m
2023-07-19 13:08:51:851 [35mhttp[39m: [35mGET /api/v1/user/get-all-user-health-history 304 - - 220.969 ms[39m
[35m[39m
2023-07-19 13:42:26:4226 [35mhttp[39m: [35mGET /api/v1/user/get-user-details 304 - - 114.359 ms[39m
[35m[39m
2023-07-19 13:42:26:4226 [35mhttp[39m: [35mGET /api/v1/user/get-user-details 304 - - 110.087 ms[39m
[35m[39m
2023-07-19 13:45:04:454 [35mhttp[39m: [35mGET /api/v1/user/get-user-details 304 - - 111.279 ms[39m
[35m[39m
2023-07-19 13:45:04:454 [35mhttp[39m: [35mGET /api/v1/user/get-user-details 304 - - 109.269 ms[39m
[35m[39m
2023-07-19 13:49:01:491 [35mhttp[39m: [35mGET /api/v1/user/get-user-details 304 - - 110.805 ms[39m
[35m[39m
2023-07-19 13:49:01:491 [35mhttp[39m: [35mGET /api/v1/user/get-user-details 304 - - 112.006 ms[39m
[35m[39m
2023-07-19 13:49:14:4914 [35mhttp[39m: [35mGET /api/v1/user/get-all-user-health-activity 304 - - 229.920 ms[39m
[35m[39m
2023-07-19 13:49:14:4914 [35mhttp[39m: [35mGET /api/v1/user/get-all-user-health-activity 304 - - 217.898 ms[39m
[35m[39m
2023-07-19 13:51:04:514 [35mhttp[39m: [35mGET /api/v1/user/get-all-user-health-activity 304 - - 219.943 ms[39m
[35m[39m
2023-07-19 13:51:04:514 [35mhttp[39m: [35mGET /api/v1/user/get-all-user-health-activity 304 - - 216.839 ms[39m
[35m[39m
2023-07-19 13:51:09:519 [35mhttp[39m: [35mGET /api/v1/user/get-all-user-health-activity 304 - - 220.895 ms[39m
[35m[39m
2023-07-19 13:51:09:519 [35mhttp[39m: [35mGET /api/v1/user/get-all-user-health-activity 304 - - 221.018 ms[39m
[35m[39m
2023-07-19 13:51:21:5121 [35mhttp[39m: [35mGET /api/v1/user/get-all-user-health-history 304 - - 224.555 ms[39m
[35m[39m
2023-07-19 13:51:21:5121 [35mhttp[39m: [35mGET /api/v1/user/get-all-user-health-history 304 - - 219.054 ms[39m
[35m[39m
2023-07-19 13:51:24:5124 [35mhttp[39m: [35mGET /api/v1/user/get-all-user-family 200 1018 - 224.794 ms[39m
[35m[39m
2023-07-19 13:51:24:5124 [35mhttp[39m: [35mGET /api/v1/user/get-all-user-family 304 - - 219.744 ms[39m
[35m[39m
2023-07-19 13:51:25:5125 [35mhttp[39m: [35mGET /api/v1/user/get-all-know-health-issue 200 1546 - 225.186 ms[39m
[35m[39m
2023-07-19 13:51:26:5126 [35mhttp[39m: [35mGET /api/v1/user/get-all-know-health-issue 304 - - 220.915 ms[39m
[35m[39m
2023-07-19 13:51:27:5127 [35mhttp[39m: [35mGET /api/v1/user/get-all-user-appointments 200 1305 - 225.239 ms[39m
[35m[39m
2023-07-19 13:51:28:5128 [35mhttp[39m: [35mGET /api/v1/user/get-all-user-appointments 304 - - 229.426 ms[39m
[35m[39m
2023-07-19 13:54:19:5419 [35mhttp[39m: [35mGET /api/v1/user/get-user-details 304 - - 288.431 ms[39m
[35m[39m
2023-07-19 13:54:19:5419 [35mhttp[39m: [35mGET /api/v1/user/get-user-details 304 - - 198.344 ms[39m
[35m[39m
2023-07-19 14:06:35:635 [35mhttp[39m: [35mPOST /api/v1/user/login 200 228 - 176.972 ms[39m
[35m[39m
2023-07-19 14:06:35:635 [35mhttp[39m: [35mGET /api/v1/user/get-user-details 304 - - 109.651 ms[39m
[35m[39m
2023-07-19 14:06:35:635 [35mhttp[39m: [35mGET /api/v1/user/get-user-details 304 - - 109.803 ms[39m
[35m[39m
2023-07-19 14:06:35:635 [35mhttp[39m: [35mGET /api/v1/user/get-user-details 304 - - 108.803 ms[39m
[35m[39m
2023-07-19 14:06:48:648 [35mhttp[39m: [35mGET /api/v1/user/get-all-user-health-activity 304 - - 221.512 ms[39m
[35m[39m
2023-07-19 14:06:48:648 [35mhttp[39m: [35mGET /api/v1/user/get-all-user-health-activity 304 - - 218.596 ms[39m
[35m[39m
2023-07-19 14:07:04:74 [35mhttp[39m: [35mGET /api/v1/user/get-all-user-health-history 304 - - 229.601 ms[39m
[35m[39m
2023-07-19 14:07:05:75 [35mhttp[39m: [35mGET /api/v1/user/get-all-user-health-history 304 - - 217.009 ms[39m
[35m[39m
2023-07-19 14:07:16:716 [35mhttp[39m: [35mGET /api/v1/user/get-all-know-health-issue 304 - - 218.948 ms[39m
[35m[39m
2023-07-19 14:07:16:716 [35mhttp[39m: [35mGET /api/v1/user/get-all-know-health-issue 304 - - 219.234 ms[39m
[35m[39m
2023-07-19 14:07:47:747 [35mhttp[39m: [35mPOST /api/v1/user/add-know-health-issue 200 334 - 168.688 ms[39m
[35m[39m
2023-07-19 14:07:49:749 [35mhttp[39m: [35mGET /api/v1/user/get-all-know-health-issue 200 1910 - 1171.241 ms[39m
[35m[39m
2023-07-19 14:08:04:84 [35mhttp[39m: [35mGET /api/v1/user/get-all-user-health-activity 304 - - 214.138 ms[39m
[35m[39m
2023-07-19 14:08:04:84 [35mhttp[39m: [35mGET /api/v1/user/get-all-user-health-activity 304 - - 215.914 ms[39m
[35m[39m
2023-07-19 14:18:01:181 [35mhttp[39m: [35mGET /api/v1/user/get-all-user-health-activity 304 - - 218.554 ms[39m
[35m[39m
2023-07-19 14:18:02:182 [35mhttp[39m: [35mGET /api/v1/user/get-all-user-health-activity 304 - - 218.961 ms[39m
[35m[39m
2023-07-19 14:37:30:3730 [35mhttp[39m: [35mPOST /api/v1/user/login 200 228 - 175.335 ms[39m
[35m[39m
2023-07-19 14:37:30:3730 [35mhttp[39m: [35mGET /api/v1/user/get-user-details 304 - - 111.930 ms[39m
[35m[39m
2023-07-19 14:37:30:3730 [35mhttp[39m: [35mGET /api/v1/user/get-user-details 304 - - 108.240 ms[39m
[35m[39m
2023-07-19 14:37:30:3730 [35mhttp[39m: [35mGET /api/v1/user/get-user-details 304 - - 109.917 ms[39m
[35m[39m
2023-07-19 14:38:14:3814 [35mhttp[39m: [35mPOST /api/v1/user/login 200 228 - 168.197 ms[39m
[35m[39m
2023-07-19 14:38:14:3814 [35mhttp[39m: [35mGET /api/v1/user/get-user-details 304 - - 108.265 ms[39m
[35m[39m
2023-07-19 14:38:14:3814 [35mhttp[39m: [35mGET /api/v1/user/get-user-details 304 - - 111.802 ms[39m
[35m[39m
2023-07-19 14:38:14:3814 [35mhttp[39m: [35mGET /api/v1/user/get-user-details 304 - - 107.110 ms[39m
[35m[39m
2023-07-19 14:39:00:390 [35mhttp[39m: [35mPOST /api/v1/user/login 200 228 - 173.511 ms[39m
[35m[39m
2023-07-19 14:39:00:390 [35mhttp[39m: [35mGET /api/v1/user/get-user-details 304 - - 112.949 ms[39m
[35m[39m
2023-07-19 14:39:00:390 [35mhttp[39m: [35mGET /api/v1/user/get-user-details 304 - - 113.885 ms[39m
[35m[39m
2023-07-19 14:39:00:390 [35mhttp[39m: [35mGET /api/v1/user/get-user-details 304 - - 109.300 ms[39m
[35m[39m
2023-07-19 14:42:40:4240 [35mhttp[39m: [35mGET /api/v1/user/get-all-user-health-activity 304 - - 221.068 ms[39m
[35m[39m
2023-07-19 14:42:40:4240 [35mhttp[39m: [35mGET /api/v1/user/get-all-user-health-activity 304 - - 216.640 ms[39m
[35m[39m
2023-07-19 14:43:15:4315 [35mhttp[39m: [35mGET /api/v1/user/get-all-user-health-activity 304 - - 220.769 ms[39m
[35m[39m
2023-07-19 14:43:15:4315 [35mhttp[39m: [35mGET /api/v1/user/get-all-user-health-activity 304 - - 220.997 ms[39m
[35m[39m
2023-07-19 14:43:56:4356 [35mhttp[39m: [35mPOST /api/v1/user/add-user-health-activity 200 324 - 118.378 ms[39m
[35m[39m
2023-07-19 14:43:57:4357 [35mhttp[39m: [35mGET /api/v1/user/get-all-user-health-activity 304 - - 225.163 ms[39m
[35m[39m
2023-07-19 14:44:04:444 [35mhttp[39m: [35mGET /api/v1/user/get-user-details 304 - - 111.114 ms[39m
[35m[39m
2023-07-19 14:44:04:444 [35mhttp[39m: [35mGET /api/v1/user/get-all-user-health-activity 304 - - 219.002 ms[39m
[35m[39m
2023-07-19 14:44:04:444 [35mhttp[39m: [35mGET /api/v1/user/get-user-details 304 - - 109.614 ms[39m
[35m[39m
2023-07-19 14:44:04:444 [35mhttp[39m: [35mGET /api/v1/user/get-all-user-health-activity 304 - - 215.371 ms[39m
[35m[39m
2023-07-19 14:44:08:448 [35mhttp[39m: [35mGET /api/v1/user/get-all-user-health-history 304 - - 217.862 ms[39m
[35m[39m
2023-07-19 14:44:08:448 [35mhttp[39m: [35mGET /api/v1/user/get-all-user-health-history 304 - - 223.243 ms[39m
[35m[39m
2023-07-19 14:44:27:4427 [35mhttp[39m: [35mGET /api/v1/user/get-all-know-health-issue 304 - - 220.680 ms[39m
[35m[39m
2023-07-19 14:44:27:4427 [35mhttp[39m: [35mGET /api/v1/user/get-all-know-health-issue 304 - - 218.739 ms[39m
[35m[39m
2023-07-19 14:45:04:454 [35mhttp[39m: [35mPOST /api/v1/user/add-know-health-issue 200 341 - 113.667 ms[39m
[35m[39m
2023-07-19 14:45:04:454 [35mhttp[39m: [35mGET /api/v1/user/get-all-know-health-issue 200 2282 - 221.512 ms[39m
[35m[39m
2023-07-19 14:45:11:4511 [35mhttp[39m: [35mGET /api/v1/user/get-all-user-appointments 304 - - 222.271 ms[39m
[35m[39m
2023-07-19 14:45:12:4512 [35mhttp[39m: [35mGET /api/v1/user/get-all-user-appointments 304 - - 539.033 ms[39m
[35m[39m
2023-07-19 19:39:47:3947 [35mhttp[39m: [35mPOST /api/v1/user/login 200 228 - 6917.121 ms[39m
[35m[39m
2023-07-19 19:39:49:3949 [35mhttp[39m: [35mGET /api/v1/user/get-user-details 304 - - 1008.849 ms[39m
[35m[39m
2023-07-19 19:39:50:3950 [35mhttp[39m: [35mGET /api/v1/user/get-user-details 304 - - 1044.102 ms[39m
[35m[39m
2023-07-19 19:39:50:3950 [35mhttp[39m: [35mPOST /api/v1/user/login 200 228 - 6046.552 ms[39m
[35m[39m
2023-07-19 19:39:51:3951 [35mhttp[39m: [35mGET /api/v1/user/get-user-details 304 - - 1078.991 ms[39m
[35m[39m
2023-07-19 19:39:51:3951 [35mhttp[39m: [35mGET /api/v1/user/get-user-details 304 - - 125.246 ms[39m
[35m[39m
2023-09-13 20:40:29:4029 [32minfo[39m: [32mServer listening on port: 3200[39m
2023-09-13 20:40:31:4031 [32minfo[39m: [32mdatabase connection successful[39m
2023-09-14 20:02:56:256 [32minfo[39m: [32mServer listening on port: 3200[39m
2023-09-14 20:02:58:258 [32minfo[39m: [32mdatabase connection successful[39m
2023-09-14 20:38:10:3810 [35mhttp[39m: [35mPOST /api/v1/user/login 200 228 - 172.939 ms[39m
[35m[39m
2023-09-14 20:38:10:3810 [35mhttp[39m: [35mGET /api/v1/undefined?readings=20 404 155 - 1.780 ms[39m
[35m[39m
2023-09-14 20:38:10:3810 [35mhttp[39m: [35mGET /api/v1/undefined?readings=20 404 155 - 0.628 ms[39m
[35m[39m
2023-09-14 20:38:10:3810 [35mhttp[39m: [35mGET /api/v1/user/get-user-details 200 258 - 110.072 ms[39m
[35m[39m
2023-09-14 20:38:10:3810 [35mhttp[39m: [35mGET /api/v1/user/get-user-details 304 - - 289.623 ms[39m
[35m[39m
2023-09-14 20:38:10:3810 [35mhttp[39m: [35mGET /api/v1/user/get-user-details 304 - - 120.374 ms[39m
[35m[39m
2023-09-14 20:38:16:3816 [35mhttp[39m: [35mGET /api/v1/user/get-all-user-health-activity 200 1875 - 209.539 ms[39m
[35m[39m
2023-09-14 20:38:16:3816 [35mhttp[39m: [35mGET /api/v1/user/get-all-user-health-activity 304 - - 203.524 ms[39m
[35m[39m
2023-09-14 20:38:17:3817 [35mhttp[39m: [35mGET /api/v1/undefined?readings=20 404 155 - 0.855 ms[39m
[35m[39m
2023-09-14 20:38:17:3817 [35mhttp[39m: [35mGET /api/v1/undefined?readings=20 404 155 - 0.610 ms[39m
[35m[39m
2023-09-14 20:38:19:3819 [35mhttp[39m: [35mGET /api/v1/user/get-all-user-health-activity 304 - - 206.117 ms[39m
[35m[39m
2023-09-14 20:38:19:3819 [35mhttp[39m: [35mGET /api/v1/user/get-all-user-health-activity 304 - - 203.322 ms[39m
[35m[39m
2023-09-14 20:38:46:3846 [35mhttp[39m: [35mGET /api/v1/user/get-all-user-health-activity 304 - - 229.857 ms[39m
[35m[39m
2023-09-14 20:38:46:3846 [35mhttp[39m: [35mGET /api/v1/user/get-all-user-health-activity 304 - - 204.406 ms[39m
[35m[39m
2023-09-14 20:38:49:3849 [35mhttp[39m: [35mGET /api/v1/user/get-all-user-health-activity 304 - - 223.265 ms[39m
[35m[39m
2023-09-14 20:38:49:3849 [35mhttp[39m: [35mGET /api/v1/user/get-all-user-health-activity 304 - - 199.824 ms[39m
[35m[39m
2023-09-14 20:41:00:410 [35mhttp[39m: [35mGET /api/v1/user/get-user-details 304 - - 117.782 ms[39m
[35m[39m
2023-09-14 20:41:00:410 [35mhttp[39m: [35mGET /api/v1/user/get-user-details 304 - - 125.803 ms[39m
[35m[39m
2023-09-14 20:43:42:4342 [35mhttp[39m: [35mGET /api/v1/user/get-user-details 304 - - 130.076 ms[39m
[35m[39m
2023-09-14 20:43:42:4342 [35mhttp[39m: [35mGET /api/v1/user/get-user-details 304 - - 136.379 ms[39m
[35m[39m
2023-09-14 20:43:43:4343 [35mhttp[39m: [35mGET /api/v1/user/get-user-details 304 - - 135.533 ms[39m
[35m[39m
2023-09-14 20:43:43:4343 [35mhttp[39m: [35mGET /api/v1/user/get-user-details 304 - - 118.777 ms[39m
[35m[39m
2023-09-14 20:51:12:5112 [35mhttp[39m: [35mGET /api/v1/user/get-all-user-health-activity 304 - - 234.310 ms[39m
[35m[39m
2023-09-14 20:51:12:5112 [35mhttp[39m: [35mGET /api/v1/user/get-all-user-health-activity 304 - - 279.269 ms[39m
[35m[39m
2023-09-14 20:51:14:5114 [35mhttp[39m: [35mGET /api/v1/user/get-all-user-health-activity 304 - - 231.961 ms[39m
[35m[39m
2023-09-14 20:51:14:5114 [35mhttp[39m: [35mGET /api/v1/user/get-all-user-health-activity 304 - - 235.279 ms[39m
[35m[39m
2023-09-14 20:51:22:5122 [35mhttp[39m: [35mGET /api/v1/user/get-all-user-health-activity 304 - - 395.280 ms[39m
[35m[39m
2023-09-14 20:51:23:5123 [35mhttp[39m: [35mGET /api/v1/user/get-all-user-health-activity 304 - - 248.599 ms[39m
[35m[39m
2023-09-14 20:51:43:5143 [35mhttp[39m: [35mGET /api/v1/user/get-all-user-health-activity 304 - - 262.257 ms[39m
[35m[39m
2023-09-14 20:51:43:5143 [35mhttp[39m: [35mGET /api/v1/user/get-all-user-health-activity 304 - - 253.091 ms[39m
[35m[39m
2023-09-14 20:51:46:5146 [35mhttp[39m: [35mGET /api/v1/user/get-all-user-health-activity 304 - - 241.059 ms[39m
[35m[39m
2023-09-14 20:51:47:5147 [35mhttp[39m: [35mGET /api/v1/user/get-all-user-health-activity 304 - - 231.978 ms[39m
[35m[39m
2023-09-14 20:52:03:523 [35mhttp[39m: [35mGET /api/v1/user/get-all-user-health-activity 304 - - 234.848 ms[39m
[35m[39m
2023-09-14 20:52:03:523 [35mhttp[39m: [35mGET /api/v1/user/get-all-user-health-activity 304 - - 258.865 ms[39m
[35m[39m
2023-09-14 20:57:18:5718 [35mhttp[39m: [35mGET /api/v1/user/get-all-user-health-activity 304 - - 234.459 ms[39m
[35m[39m
2023-09-14 20:57:18:5718 [35mhttp[39m: [35mGET /api/v1/user/get-all-user-health-activity 304 - - 307.526 ms[39m
[35m[39m
2023-09-15 00:13:27:1327 [35mhttp[39m: [35mGET /api/v1/user/get-all-user-health-activity 304 - - 890.369 ms[39m
[35m[39m
2023-09-15 00:13:27:1327 [35mhttp[39m: [35mGET /api/v1/user/get-all-user-health-activity 304 - - 204.301 ms[39m
[35m[39m
2023-09-15 00:26:35:2635 [35mhttp[39m: [35mGET /api/v1/undefined?readings=20 404 155 - 10.447 ms[39m
[35m[39m
2023-09-15 00:26:35:2635 [35mhttp[39m: [35mGET /api/v1/undefined?readings=20 404 155 - 0.446 ms[39m
[35m[39m
2023-09-15 00:27:27:2727 [35mhttp[39m: [35mGET /api/v1/undefined?readings=20 404 155 - 0.697 ms[39m
[35m[39m
2023-09-15 00:27:36:2736 [35mhttp[39m: [35mGET /api/v1/undefined?readings=20 404 155 - 0.459 ms[39m
[35m[39m
2023-09-15 00:27:36:2736 [35mhttp[39m: [35mGET /api/v1/undefined?readings=20 404 155 - 2.623 ms[39m
[35m[39m
2023-09-15 00:27:57:2757 [35mhttp[39m: [35mGET /api/v1/undefined?readings=20 404 155 - 1.063 ms[39m
[35m[39m
2023-09-15 00:28:04:284 [35mhttp[39m: [35mGET /api/v1/undefined?readings=20 404 155 - 0.721 ms[39m
[35m[39m
2023-09-15 00:28:04:284 [35mhttp[39m: [35mGET /api/v1/undefined?readings=20 404 155 - 1.396 ms[39m
[35m[39m
2023-09-15 00:28:08:288 [35mhttp[39m: [35mGET /api/v1/undefined?readings=20 404 155 - 0.986 ms[39m
[35m[39m
2023-09-15 00:28:08:288 [35mhttp[39m: [35mGET /api/v1/undefined?readings=20 404 155 - 1.289 ms[39m
[35m[39m
2023-09-15 00:28:15:2815 [35mhttp[39m: [35mGET /api/v1/undefined?readings=20 404 155 - 0.702 ms[39m
[35m[39m
2023-09-15 00:28:15:2815 [35mhttp[39m: [35mGET /api/v1/undefined?readings=20 404 155 - 0.434 ms[39m
[35m[39m
2023-09-15 00:30:59:3059 [35mhttp[39m: [35mGET /api/v1/undefined?readings=20 404 155 - 1.507 ms[39m
[35m[39m
2023-09-15 00:30:59:3059 [35mhttp[39m: [35mGET /api/v1/undefined?readings=20 404 155 - 0.658 ms[39m
[35m[39m
2023-09-15 00:31:29:3129 [35mhttp[39m: [35mGET /api/v1/user/get-user-details 304 - - 106.142 ms[39m
[35m[39m
2023-09-15 00:31:29:3129 [35mhttp[39m: [35mGET /api/v1/user/get-user-details 304 - - 103.361 ms[39m
[35m[39m
2023-09-15 01:56:07:567 [35mhttp[39m: [35mGET /api/v1/user/get-all-user-health-activity 304 - - 219.062 ms[39m
[35m[39m
2023-09-15 01:56:07:567 [35mhttp[39m: [35mGET /api/v1/user/get-all-user-health-activity 304 - - 198.005 ms[39m
[35m[39m
2023-09-15 01:56:11:5611 [35mhttp[39m: [35mGET /api/v1/user/get-all-user-health-activity 304 - - 198.364 ms[39m
[35m[39m
2023-09-15 01:56:11:5611 [35mhttp[39m: [35mGET /api/v1/user/get-all-user-health-activity 304 - - 231.574 ms[39m
[35m[39m
2023-09-15 01:56:14:5614 [35mhttp[39m: [35mGET /api/v1/user/get-all-user-family 200 1018 - 260.375 ms[39m
[35m[39m
2023-09-15 01:56:14:5614 [35mhttp[39m: [35mGET /api/v1/user/get-all-user-family 304 - - 196.906 ms[39m
[35m[39m
2023-09-15 01:56:16:5616 [35mhttp[39m: [35mGET /api/v1/user/get-all-user-health-history 200 1531 - 209.242 ms[39m
[35m[39m
2023-09-15 01:56:16:5616 [35mhttp[39m: [35mGET /api/v1/user/get-all-user-health-history 304 - - 224.928 ms[39m
[35m[39m
2023-09-15 01:56:17:5617 [35mhttp[39m: [35mGET /api/v1/user/get-all-user-health-history 304 - - 209.427 ms[39m
[35m[39m
2023-09-15 01:56:18:5618 [35mhttp[39m: [35mGET /api/v1/user/get-all-user-health-history 304 - - 208.916 ms[39m
[35m[39m
2023-09-15 02:43:51:4351 [35mhttp[39m: [35mGET /api/v1/user/get-all-user-health-activity 304 - - 228.615 ms[39m
[35m[39m
2023-09-15 02:43:51:4351 [35mhttp[39m: [35mGET /api/v1/user/get-all-user-health-activity 304 - - 367.957 ms[39m
[35m[39m
2023-09-15 02:43:54:4354 [35mhttp[39m: [35mGET /api/v1/user/get-all-user-health-history 304 - - 219.593 ms[39m
[35m[39m
2023-09-15 02:43:54:4354 [35mhttp[39m: [35mGET /api/v1/user/get-all-user-health-history 304 - - 216.444 ms[39m
[35m[39m
2023-09-15 03:53:41:5341 [35mhttp[39m: [35mGET /api/v1/user/login/authGoogle 302 0 - 41.103 ms[39m
[35m[39m
2023-09-15 03:54:58:5458 [35mhttp[39m: [35mPOST /api/v1/user/login 200 228 - 949.944 ms[39m
[35m[39m
2023-09-15 03:54:58:5458 [35mhttp[39m: [35mGET /api/v1/user/get-user-details 304 - - 127.888 ms[39m
[35m[39m
2023-09-15 03:54:59:5459 [35mhttp[39m: [35mGET /api/v1/user/get-user-details 304 - - 122.757 ms[39m
[35m[39m
2023-09-15 03:54:59:5459 [35mhttp[39m: [35mGET /api/v1/user/get-user-details 304 - - 121.737 ms[39m
[35m[39m
2023-09-15 03:55:00:550 [35mhttp[39m: [35mGET /api/v1/user/get-all-user-health-activity 304 - - 257.927 ms[39m
[35m[39m
2023-09-15 03:55:00:550 [35mhttp[39m: [35mGET /api/v1/user/get-all-user-health-activity 304 - - 247.259 ms[39m
[35m[39m
2023-09-15 03:55:06:556 [35mhttp[39m: [35mGET /api/v1/user/get-all-user-health-history 304 - - 256.860 ms[39m
[35m[39m
2023-09-15 03:55:06:556 [35mhttp[39m: [35mGET /api/v1/user/get-all-user-health-history 304 - - 261.484 ms[39m
[35m[39m
2023-09-15 03:55:13:5513 [35mhttp[39m: [35mGET /api/v1/user/get-all-user-family 200 1018 - 251.266 ms[39m
[35m[39m
2023-09-15 03:55:14:5514 [35mhttp[39m: [35mGET /api/v1/user/get-all-user-family 304 - - 251.256 ms[39m
[35m[39m
2023-09-15 03:55:16:5516 [35mhttp[39m: [35mGET /api/v1/user/get-all-know-health-issue 200 2282 - 261.276 ms[39m
[35m[39m
2023-09-15 03:55:16:5516 [35mhttp[39m: [35mGET /api/v1/user/get-all-know-health-issue 304 - - 288.545 ms[39m
[35m[39m
2023-09-15 03:55:19:5519 [35mhttp[39m: [35mGET /api/v1/user/get-all-user-appointments 200 1305 - 457.045 ms[39m
[35m[39m
2023-09-15 03:55:19:5519 [35mhttp[39m: [35mGET /api/v1/user/get-all-user-appointments 304 - - 255.102 ms[39m
[35m[39m
2023-09-15 03:58:31:5831 [35mhttp[39m: [35mGET /api/v1/user/get-all-user-health-activity 304 - - 245.660 ms[39m
[35m[39m
2023-09-15 03:58:31:5831 [35mhttp[39m: [35mGET /api/v1/user/get-all-user-health-activity 304 - - 245.845 ms[39m
[35m[39m
2023-09-15 04:01:17:117 [35mhttp[39m: [35mPOST /api/v1/user/login 200 228 - 188.003 ms[39m
[35m[39m
2023-09-15 04:01:18:118 [35mhttp[39m: [35mGET /api/v1/user/get-user-details 304 - - 135.960 ms[39m
[35m[39m
2023-09-15 04:01:18:118 [35mhttp[39m: [35mGET /api/v1/user/get-user-details 304 - - 125.216 ms[39m
[35m[39m
2023-09-15 04:01:18:118 [35mhttp[39m: [35mGET /api/v1/user/get-user-details 304 - - 123.032 ms[39m
[35m[39m
2023-09-15 04:03:45:345 [35mhttp[39m: [35mPOST /api/v1/user/login 200 228 - 181.277 ms[39m
[35m[39m
2023-09-15 04:03:45:345 [35mhttp[39m: [35mGET /api/v1/user/get-user-details 304 - - 125.358 ms[39m
[35m[39m
2023-09-15 04:03:45:345 [35mhttp[39m: [35mGET /api/v1/user/get-user-details 304 - - 124.076 ms[39m
[35m[39m
2023-09-15 04:03:46:346 [35mhttp[39m: [35mGET /api/v1/user/get-user-details 304 - - 123.951 ms[39m
[35m[39m
2023-09-15 04:04:15:415 [35mhttp[39m: [35mGET /api/v1/user/get-all-user-health-activity 304 - - 288.100 ms[39m
[35m[39m
2023-09-15 04:04:15:415 [35mhttp[39m: [35mGET /api/v1/user/get-all-user-health-activity 304 - - 246.686 ms[39m
[35m[39m
2023-09-15 04:04:39:439 [35mhttp[39m: [35mPOST /api/v1/user/add-user-health-activity 200 325 - 149.193 ms[39m
[35m[39m
2023-09-15 04:04:39:439 [35mhttp[39m: [35mGET /api/v1/user/get-all-user-health-activity 304 - - 252.919 ms[39m
[35m[39m
2023-09-15 04:04:46:446 [35mhttp[39m: [35mGET /api/v1/user/get-user-details 304 - - 124.442 ms[39m
[35m[39m
2023-09-15 04:04:46:446 [35mhttp[39m: [35mGET /api/v1/user/get-user-details 304 - - 122.538 ms[39m
[35m[39m
2023-09-15 04:04:48:448 [35mhttp[39m: [35mGET /api/v1/user/get-all-user-health-activity 304 - - 2000.546 ms[39m
[35m[39m
2023-09-15 04:04:48:448 [35mhttp[39m: [35mGET /api/v1/user/get-all-user-health-activity 304 - - 263.811 ms[39m
[35m[39m
2023-09-15 04:05:12:512 [35mhttp[39m: [35mPOST /api/v1/user/add-user-health-activity 200 327 - 138.329 ms[39m
[35m[39m
2023-09-15 04:05:13:513 [35mhttp[39m: [35mGET /api/v1/user/get-all-user-health-activity 304 - - 260.552 ms[39m
[35m[39m
2023-09-15 04:05:28:528 [35mhttp[39m: [35mPOST /api/v1/user/login 200 228 - 200.842 ms[39m
[35m[39m
2023-09-15 04:05:28:528 [35mhttp[39m: [35mGET /api/v1/user/get-user-details 304 - - 135.346 ms[39m
[35m[39m
2023-09-15 04:05:28:528 [35mhttp[39m: [35mGET /api/v1/user/get-user-details 304 - - 132.845 ms[39m
[35m[39m
2023-09-15 04:05:28:528 [35mhttp[39m: [35mGET /api/v1/user/get-user-details 304 - - 133.145 ms[39m
[35m[39m
2023-09-15 04:05:29:529 [35mhttp[39m: [35mGET /api/v1/user/get-all-user-health-activity 304 - - 259.356 ms[39m
[35m[39m
2023-09-15 04:05:29:529 [35mhttp[39m: [35mGET /api/v1/user/get-all-user-health-activity 304 - - 456.983 ms[39m
[35m[39m
2023-09-15 04:05:39:539 [35mhttp[39m: [35mGET /api/v1/user/get-all-user-health-history 304 - - 268.934 ms[39m
[35m[39m
2023-09-15 04:05:40:540 [35mhttp[39m: [35mGET /api/v1/user/get-all-user-health-history 304 - - 263.613 ms[39m
[35m[39m
2023-09-15 04:05:52:552 [35mhttp[39m: [35mPOST /api/v1/user/add-user-health-history 200 309 - 187.747 ms[39m
[35m[39m
2023-09-15 04:06:45:645 [32minfo[39m: [32mServer listening on port: 3200[39m
2023-09-15 04:06:48:648 [32minfo[39m: [32mdatabase connection successful[39m
2023-09-15 04:06:49:649 [35mhttp[39m: [35mPOST /api/v1/user/login 200 228 - 4173.695 ms[39m
[35m[39m
2023-09-15 04:06:49:649 [35mhttp[39m: [35mGET /api/v1/user/get-user-details 304 - - 125.178 ms[39m
[35m[39m
2023-09-15 04:06:50:650 [35mhttp[39m: [35mGET /api/v1/user/get-user-details 304 - - 121.431 ms[39m
[35m[39m
2023-09-15 04:06:50:650 [35mhttp[39m: [35mGET /api/v1/user/get-user-details 304 - - 120.265 ms[39m
[35m[39m
2023-09-15 04:06:51:651 [35mhttp[39m: [35mGET /api/v1/user/get-all-user-health-activity 304 - - 242.757 ms[39m
[35m[39m
2023-09-15 04:06:51:651 [35mhttp[39m: [35mGET /api/v1/user/get-all-user-health-activity 304 - - 242.032 ms[39m
[35m[39m
2023-09-15 04:08:05:85 [35mhttp[39m: [35mPOST /api/v1/user/login 200 228 - 219.272 ms[39m
[35m[39m
2023-09-15 04:08:05:85 [35mhttp[39m: [35mGET /api/v1/user/get-user-details 304 - - 120.364 ms[39m
[35m[39m
2023-09-15 04:08:05:85 [35mhttp[39m: [35mGET /api/v1/user/get-user-details 304 - - 124.635 ms[39m
[35m[39m
2023-09-15 04:08:05:85 [35mhttp[39m: [35mGET /api/v1/user/get-user-details 304 - - 144.166 ms[39m
[35m[39m
2023-09-15 04:08:38:838 [35mhttp[39m: [35mGET /api/v1/user/get-all-user-health-activity 304 - - 309.231 ms[39m
[35m[39m
2023-09-15 04:08:38:838 [35mhttp[39m: [35mGET /api/v1/user/get-all-user-health-activity 304 - - 628.474 ms[39m
[35m[39m
2023-09-15 04:08:52:852 [35mhttp[39m: [35mGET /api/v1/user/get-all-user-health-history 304 - - 289.308 ms[39m
[35m[39m
2023-09-15 04:08:52:852 [35mhttp[39m: [35mGET /api/v1/user/get-all-user-health-history 304 - - 242.587 ms[39m
[35m[39m
2023-09-15 04:09:04:94 [35mhttp[39m: [35mGET /api/v1/user/get-all-user-family 304 - - 244.238 ms[39m
[35m[39m
2023-09-15 04:09:04:94 [35mhttp[39m: [35mGET /api/v1/user/get-all-user-family 304 - - 239.886 ms[39m
[35m[39m
2023-09-15 04:09:35:935 [35mhttp[39m: [35mGET /api/v1/user/get-all-know-health-issue 304 - - 246.954 ms[39m
[35m[39m
2023-09-15 04:09:35:935 [35mhttp[39m: [35mGET /api/v1/user/get-all-know-health-issue 304 - - 273.614 ms[39m
[35m[39m
2023-09-15 04:09:50:950 [35mhttp[39m: [35mGET /api/v1/user/get-all-user-appointments 304 - - 248.873 ms[39m
[35m[39m
2023-09-15 04:09:50:950 [35mhttp[39m: [35mGET /api/v1/user/get-all-user-appointments 304 - - 252.404 ms[39m
[35m[39m
2023-09-15 04:10:09:109 [35mhttp[39m: [35mGET /api/v1/user/get-all-user-health-activity 304 - - 284.796 ms[39m
[35m[39m
2023-09-15 04:10:09:109 [35mhttp[39m: [35mGET /api/v1/user/get-all-user-health-activity 304 - - 241.932 ms[39m
[35m[39m
2023-09-27 23:15:54:1554 [32minfo[39m: [32mServer listening on port: 3200[39m
2023-09-27 23:15:56:1556 [32minfo[39m: [32mdatabase connection successful[39m
2023-09-27 23:16:10:1610 [32minfo[39m: [32mServer listening on port: 3200[39m
2023-09-27 23:16:11:1611 [32minfo[39m: [32mdatabase connection successful[39m
